Component: ARM Compiler 5.06 update 6 (build 750) Tool: armlink [4d35ed]

==============================================================================

Section Cross References

    init_function.o(i.ADC_init) refers to stm32f10x_rcc.o(i.RCC_ADCCLKConfig) for RCC_ADCCLKConfig
    init_function.o(i.ADC_init) refers to stm32f10x_rcc.o(i.RCC_APB2PeriphClockCmd) for RCC_APB2PeriphClockCmd
    init_function.o(i.ADC_init) refers to stm32f10x_gpio.o(i.GPIO_Init) for GPIO_Init
    init_function.o(i.ADC_init) refers to misc.o(i.NVIC_Init) for NVIC_Init
    init_function.o(i.ADC_init) refers to stm32f10x_adc.o(i.ADC_Init) for ADC_Init
    init_function.o(i.ADC_init) refers to stm32f10x_adc.o(i.ADC_ITConfig) for ADC_ITConfig
    init_function.o(i.ADC_init) refers to stm32f10x_adc.o(i.ADC_Cmd) for ADC_Cmd
    init_function.o(i.ADC_init) refers to stm32f10x_adc.o(i.ADC_ResetCalibration) for ADC_ResetCalibration
    init_function.o(i.ADC_init) refers to stm32f10x_adc.o(i.ADC_GetResetCalibrationStatus) for ADC_GetResetCalibrationStatus
    init_function.o(i.ADC_init) refers to stm32f10x_adc.o(i.ADC_StartCalibration) for ADC_StartCalibration
    init_function.o(i.ADC_init) refers to stm32f10x_adc.o(i.ADC_GetCalibrationStatus) for ADC_GetCalibrationStatus
    init_function.o(i.CAN_Send) refers to stm32f10x_can.o(i.CAN_Transmit) for CAN_Transmit
    init_function.o(i.Delay_ms) refers to stm32f10x_rcc.o(i.RCC_GetClocksFreq) for RCC_GetClocksFreq
    init_function.o(i.Prepar_to_sleep) refers to stm32f10x_rcc.o(i.RCC_APB2PeriphClockCmd) for RCC_APB2PeriphClockCmd
    init_function.o(i.Prepar_to_sleep) refers to stm32f10x_gpio.o(i.GPIO_Init) for GPIO_Init
    init_function.o(i.Prepar_to_sleep) refers to stm32f10x_gpio.o(i.GPIO_EXTILineConfig) for GPIO_EXTILineConfig
    init_function.o(i.Prepar_to_sleep) refers to stm32f10x_exti.o(i.EXTI_Init) for EXTI_Init
    init_function.o(i.RCC_Config) refers to stm32f10x_rcc.o(i.RCC_DeInit) for RCC_DeInit
    init_function.o(i.RCC_Config) refers to stm32f10x_rcc.o(i.RCC_HSEConfig) for RCC_HSEConfig
    init_function.o(i.RCC_Config) refers to stm32f10x_rcc.o(i.RCC_WaitForHSEStartUp) for RCC_WaitForHSEStartUp
    init_function.o(i.RCC_Config) refers to stm32f10x_rcc.o(i.RCC_HCLKConfig) for RCC_HCLKConfig
    init_function.o(i.RCC_Config) refers to stm32f10x_rcc.o(i.RCC_PCLK1Config) for RCC_PCLK1Config
    init_function.o(i.RCC_Config) refers to stm32f10x_rcc.o(i.RCC_PCLK2Config) for RCC_PCLK2Config
    init_function.o(i.RCC_Config) refers to stm32f10x_rcc.o(i.RCC_PLLConfig) for RCC_PLLConfig
    init_function.o(i.RCC_Config) refers to stm32f10x_rcc.o(i.RCC_PLLCmd) for RCC_PLLCmd
    init_function.o(i.RCC_Config) refers to stm32f10x_rcc.o(i.RCC_GetFlagStatus) for RCC_GetFlagStatus
    init_function.o(i.RCC_Config) refers to stm32f10x_rcc.o(i.RCC_SYSCLKConfig) for RCC_SYSCLKConfig
    init_function.o(i.RCC_Config) refers to stm32f10x_rcc.o(i.RCC_GetSYSCLKSource) for RCC_GetSYSCLKSource
    init_function.o(i.RCC_Config) refers to stm32f10x_rcc.o(i.RCC_GetClocksFreq) for RCC_GetClocksFreq
    init_function.o(i.RCC_Config) refers to stm32f10x_rcc.o(i.RCC_APB2PeriphClockCmd) for RCC_APB2PeriphClockCmd
    init_function.o(i.RCC_Config) refers to stm32f10x_gpio.o(i.GPIO_Init) for GPIO_Init
    init_function.o(i.RCC_Config) refers to stm32f10x_gpio.o(i.GPIO_ResetBits) for GPIO_ResetBits
    init_function.o(i.TIM4_init) refers to stm32f10x_rcc.o(i.RCC_APB1PeriphClockCmd) for RCC_APB1PeriphClockCmd
    init_function.o(i.TIM4_init) refers to stm32f10x_tim.o(i.TIM_TimeBaseStructInit) for TIM_TimeBaseStructInit
    init_function.o(i.TIM4_init) refers to stm32f10x_tim.o(i.TIM_TimeBaseInit) for TIM_TimeBaseInit
    init_function.o(i.TIM4_init) refers to stm32f10x_tim.o(i.TIM_ITConfig) for TIM_ITConfig
    init_function.o(i.TIM4_init) refers to stm32f10x_tim.o(i.TIM_Cmd) for TIM_Cmd
    init_function.o(i.TIM4_init) refers to misc.o(i.NVIC_Init) for NVIC_Init
    init_function.o(i.USARTSend) refers to stm32f10x_usart.o(i.USART_SendData) for USART_SendData
    init_function.o(i.USARTSend) refers to stm32f10x_usart.o(i.USART_GetFlagStatus) for USART_GetFlagStatus
    init_function.o(i.USARTSend3) refers to stm32f10x_usart.o(i.USART_SendData) for USART_SendData
    init_function.o(i.USARTSend3) refers to stm32f10x_usart.o(i.USART_GetFlagStatus) for USART_GetFlagStatus
    init_function.o(i.USARTSend_char) refers to stm32f10x_usart.o(i.USART_SendData) for USART_SendData
    init_function.o(i.USARTSend_char) refers to stm32f10x_usart.o(i.USART_GetFlagStatus) for USART_GetFlagStatus
    init_function.o(i.init_CAN) refers to stm32f10x_rcc.o(i.RCC_APB2PeriphClockCmd) for RCC_APB2PeriphClockCmd
    init_function.o(i.init_CAN) refers to stm32f10x_rcc.o(i.RCC_APB1PeriphClockCmd) for RCC_APB1PeriphClockCmd
    init_function.o(i.init_CAN) refers to stm32f10x_gpio.o(i.GPIO_Init) for GPIO_Init
    init_function.o(i.init_CAN) refers to stm32f10x_gpio.o(i.GPIO_PinRemapConfig) for GPIO_PinRemapConfig
[...]
    Removing stm32f10x_exti.o(i.EXTI_GetITStatus), (40 bytes).
    Removing stm32f10x_exti.o(i.EXTI_StructInit), (16 bytes).
    Removing stm32f10x_gpio.o(.rev16_text), (4 bytes).
    Removing stm32f10x_gpio.o(.revsh_text), (4 bytes).
    Removing stm32f10x_gpio.o(.rrx_text), (6 bytes).
    Removing stm32f10x_gpio.o(i.GPIO_AFIODeInit), (20 bytes).
    Removing stm32f10x_gpio.o(i.GPIO_DeInit), (200 bytes).
    Removing stm32f10x_gpio.o(i.GPIO_ETH_MediaInterfaceConfig), (12 bytes).
    Removing stm32f10x_gpio.o(i.GPIO_EventOutputCmd), (12 bytes).
    Removing stm32f10x_gpio.o(i.GPIO_EventOutputConfig), (32 bytes).
    Removing stm32f10x_gpio.o(i.GPIO_PinLockConfig), (18 bytes).
    Removing stm32f10x_gpio.o(i.GPIO_ReadInputData), (8 bytes).
    Removing stm32f10x_gpio.o(i.GPIO_ReadInputDataBit), (18 bytes).
    Removing stm32f10x_gpio.o(i.GPIO_ReadOutputData), (8 bytes).
    Removing stm32f10x_gpio.o(i.GPIO_ReadOutputDataBit), (18 bytes).
    Removing stm32f10x_gpio.o(i.GPIO_StructInit), (16 bytes).
    Removing stm32f10x_gpio.o(i.GPIO_Write), (4 bytes).
    Removing stm32f10x_gpio.o(i.GPIO_WriteBit), (10 bytes).
    Removing stm32f10x_pwr.o(.rev16_text), (4 bytes).
    Removing stm32f10x_pwr.o(.revsh_text), (4 bytes).
    Removing stm32f10x_pwr.o(.rrx_text), (6 bytes).
    Removing stm32f10x_pwr.o(i.PWR_BackupAccessCmd), (12 bytes).
    Removing stm32f10x_pwr.o(i.PWR_ClearFlag), (20 bytes).
    Removing stm32f10x_pwr.o(i.PWR_DeInit), (22 bytes).
    Removing stm32f10x_pwr.o(i.PWR_EnterSTANDBYMode), (52 bytes).
    Removing stm32f10x_pwr.o(i.PWR_GetFlagStatus), (24 bytes).
    Removing stm32f10x_pwr.o(i.PWR_PVDCmd), (12 bytes).
    Removing stm32f10x_pwr.o(i.PWR_PVDLevelConfig), (24 bytes).
    Removing stm32f10x_pwr.o(i.PWR_WakeUpPinCmd), (12 bytes).
    Removing stm32f10x_rcc.o(.rev16_text), (4 bytes).
    Removing stm32f10x_rcc.o(.revsh_text), (4 bytes).
    Removing stm32f10x_rcc.o(.rrx_text), (6 bytes).
    Removing stm32f10x_rcc.o(i.RCC_AHBPeriphClockCmd), (32 bytes).
    Removing stm32f10x_rcc.o(i.RCC_APB2PeriphResetCmd), (32 bytes).
    Removing stm32f10x_rcc.o(i.RCC_AdjustHSICalibrationValue), (24 bytes).
    Removing stm32f10x_rcc.o(i.RCC_BackupResetCmd), (12 bytes).
    Removing stm32f10x_rcc.o(i.RCC_ClearFlag), (20 bytes).
    Removing stm32f10x_rcc.o(i.RCC_ClearITPendingBit), (12 bytes).
    Removing stm32f10x_rcc.o(i.RCC_ClockSecuritySystemCmd), (12 bytes).
    Removing stm32f10x_rcc.o(i.RCC_GetITStatus), (24 bytes).
    Removing stm32f10x_rcc.o(i.RCC_HSICmd), (12 bytes).
    Removing stm32f10x_rcc.o(i.RCC_ITConfig), (32 bytes).
    Removing stm32f10x_rcc.o(i.RCC_LSEConfig), (52 bytes).
    Removing stm32f10x_rcc.o(i.RCC_LSICmd), (12 bytes).
    Removing stm32f10x_rcc.o(i.RCC_MCOConfig), (12 bytes).
    Removing stm32f10x_rcc.o(i.RCC_RTCCLKCmd), (12 bytes).
    Removing stm32f10x_rcc.o(i.RCC_RTCCLKConfig), (16 bytes).
    Removing stm32f10x_rcc.o(i.RCC_USBCLKConfig), (12 bytes).
    Removing stm32f10x_tim.o(.rev16_text), (4 bytes).
    Removing stm32f10x_tim.o(.revsh_text), (4 bytes).
    Removing stm32f10x_tim.o(.rrx_text), (6 bytes).
    Removing stm32f10x_tim.o(i.TI1_Config), (128 bytes).
    Removing stm32f10x_tim.o(i.TI2_Config), (152 bytes).
    Removing stm32f10x_tim.o(i.TI3_Config), (144 bytes).
    Removing stm32f10x_tim.o(i.TI4_Config), (152 bytes).
    Removing stm32f10x_tim.o(i.TIM_ARRPreloadConfig), (24 bytes).
    Removing stm32f10x_tim.o(i.TIM_BDTRConfig), (32 bytes).
    Removing stm32f10x_tim.o(i.TIM_BDTRStructInit), (18 bytes).
    Removing stm32f10x_tim.o(i.TIM_CCPreloadControl), (24 bytes).
    Removing stm32f10x_tim.o(i.TIM_CCxCmd), (30 bytes).
    Removing stm32f10x_tim.o(i.TIM_CCxNCmd), (30 bytes).
    Removing stm32f10x_tim.o(i.TIM_ClearFlag), (6 bytes).
    Removing stm32f10x_tim.o(i.TIM_ClearOC1Ref), (18 bytes).
    Removing stm32f10x_tim.o(i.TIM_ClearOC2Ref), (24 bytes).
    Removing stm32f10x_tim.o(i.TIM_ClearOC3Ref), (18 bytes).
    Removing stm32f10x_tim.o(i.TIM_ClearOC4Ref), (24 bytes).
    Removing stm32f10x_tim.o(i.TIM_CounterModeConfig), (18 bytes).
    Removing stm32f10x_tim.o(i.TIM_CtrlPWMOutputs), (30 bytes).
    Removing stm32f10x_tim.o(i.TIM_DMACmd), (18 bytes).
    Removing stm32f10x_tim.o(i.TIM_DMAConfig), (10 bytes).
    Removing stm32f10x_tim.o(i.TIM_DeInit), (488 bytes).
    Removing stm32f10x_tim.o(i.TIM_ETRClockMode1Config), (54 bytes).
    Removing stm32f10x_tim.o(i.TIM_ETRClockMode2Config), (32 bytes).
    Removing stm32f10x_tim.o(i.TIM_ETRConfig), (28 bytes).
    Removing stm32f10x_tim.o(i.TIM_EncoderInterfaceConfig), (66 bytes).
    Removing stm32f10x_tim.o(i.TIM_ForcedOC1Config), (18 bytes).
    Removing stm32f10x_tim.o(i.TIM_ForcedOC2Config), (26 bytes).
    Removing stm32f10x_tim.o(i.TIM_ForcedOC3Config), (18 bytes).
    Removing stm32f10x_tim.o(i.TIM_ForcedOC4Config), (26 bytes).
    Removing stm32f10x_tim.o(i.TIM_GenerateEvent), (4 bytes).
    Removing stm32f10x_tim.o(i.TIM_GetCapture1), (6 bytes).
    Removing stm32f10x_tim.o(i.TIM_GetCapture2), (6 bytes).
    Removing stm32f10x_tim.o(i.TIM_GetCapture3), (6 bytes).
    Removing stm32f10x_tim.o(i.TIM_GetCapture4), (8 bytes).
    Removing stm32f10x_tim.o(i.TIM_GetCounter), (6 bytes).
    Removing stm32f10x_tim.o(i.TIM_GetFlagStatus), (18 bytes).
    Removing stm32f10x_tim.o(i.TIM_GetPrescaler), (6 bytes).
    Removing stm32f10x_tim.o(i.TIM_ICInit), (172 bytes).
    Removing stm32f10x_tim.o(i.TIM_ICStructInit), (18 bytes).
    Removing stm32f10x_tim.o(i.TIM_ITRxExternalClockConfig), (24 bytes).
    Removing stm32f10x_tim.o(i.TIM_InternalClockConfig), (12 bytes).
    Removing stm32f10x_tim.o(i.TIM_OC1FastConfig), (18 bytes).
    Removing stm32f10x_tim.o(i.TIM_OC1Init), (152 bytes).
    Removing stm32f10x_tim.o(i.TIM_OC1NPolarityConfig), (18 bytes).
    Removing stm32f10x_tim.o(i.TIM_OC1PolarityConfig), (18 bytes).
    Removing stm32f10x_tim.o(i.TIM_OC1PreloadConfig), (18 bytes).
    Removing stm32f10x_tim.o(i.TIM_OC2FastConfig), (26 bytes).
    Removing stm32f10x_tim.o(i.TIM_OC2Init), (164 bytes).
    Removing stm32f10x_tim.o(i.TIM_OC2NPolarityConfig), (26 bytes).
    Removing stm32f10x_tim.o(i.TIM_OC2PolarityConfig), (26 bytes).
    Removing stm32f10x_tim.o(i.TIM_OC2PreloadConfig), (26 bytes).
    Removing stm32f10x_tim.o(i.TIM_OC3FastConfig), (18 bytes).
    Removing stm32f10x_tim.o(i.TIM_OC3Init), (160 bytes).
    Removing stm32f10x_tim.o(i.TIM_OC3NPolarityConfig), (26 bytes).
    Removing stm32f10x_tim.o(i.TIM_OC3PolarityConfig), (26 bytes).
    Removing stm32f10x_tim.o(i.TIM_OC3PreloadConfig), (18 bytes).
    Removing stm32f10x_tim.o(i.TIM_OC4FastConfig), (26 bytes).
    Removing stm32f10x_tim.o(i.TIM_OC4Init), (124 bytes).
    Removing stm32f10x_tim.o(i.TIM_OC4PolarityConfig), (26 bytes).
    Removing stm32f10x_tim.o(i.TIM_OC4PreloadConfig), (26 bytes).
    Removing stm32f10x_tim.o(i.TIM_OCStructInit), (20 bytes).
    Removing stm32f10x_tim.o(i.TIM_PWMIConfig), (124 bytes).
    Removing stm32f10x_tim.o(i.TIM_PrescalerConfig), (6 bytes).
    Removing stm32f10x_tim.o(i.TIM_SelectCCDMA), (24 bytes).
    Removing stm32f10x_tim.o(i.TIM_SelectCOM), (24 bytes).
    Removing stm32f10x_tim.o(i.TIM_SelectHallSensor), (24 bytes).
    Removing stm32f10x_tim.o(i.TIM_SelectInputTrigger), (18 bytes).
    Removing stm32f10x_tim.o(i.TIM_SelectMasterSlaveMode), (18 bytes).
    Removing stm32f10x_tim.o(i.TIM_SelectOCxM), (82 bytes).
    Removing stm32f10x_tim.o(i.TIM_SelectOnePulseMode), (18 bytes).
    Removing stm32f10x_tim.o(i.TIM_SelectOutputTrigger), (18 bytes).
    Removing stm32f10x_tim.o(i.TIM_SelectSlaveMode), (18 bytes).
    Removing stm32f10x_tim.o(i.TIM_SetAutoreload), (4 bytes).
    Removing stm32f10x_tim.o(i.TIM_SetClockDivision), (18 bytes).
    Removing stm32f10x_tim.o(i.TIM_SetCompare1), (4 bytes).
    Removing stm32f10x_tim.o(i.TIM_SetCompare2), (4 bytes).
    Removing stm32f10x_tim.o(i.TIM_SetCompare3), (4 bytes).
    Removing stm32f10x_tim.o(i.TIM_SetCompare4), (6 bytes).
    Removing stm32f10x_tim.o(i.TIM_SetCounter), (4 bytes).
    Removing stm32f10x_tim.o(i.TIM_SetIC1Prescaler), (18 bytes).
    Removing stm32f10x_tim.o(i.TIM_SetIC2Prescaler), (26 bytes).
    Removing stm32f10x_tim.o(i.TIM_SetIC3Prescaler), (18 bytes).
    Removing stm32f10x_tim.o(i.TIM_SetIC4Prescaler), (26 bytes).
    Removing stm32f10x_tim.o(i.TIM_TIxExternalClockConfig), (62 bytes).
    Removing stm32f10x_tim.o(i.TIM_UpdateDisableConfig), (24 bytes).
    Removing stm32f10x_tim.o(i.TIM_UpdateRequestConfig), (24 bytes).
    Removing stm32f10x_usart.o(.rev16_text), (4 bytes).
    Removing stm32f10x_usart.o(.revsh_text), (4 bytes).
    Removing stm32f10x_usart.o(.rrx_text), (6 bytes).
    Removing stm32f10x_usart.o(i.USART_ClearFlag), (18 bytes).
    Removing stm32f10x_usart.o(i.USART_ClearITPendingBit), (30 bytes).
    Removing stm32f10x_usart.o(i.USART_ClockInit), (34 bytes).
    Removing stm32f10x_usart.o(i.USART_ClockStructInit), (12 bytes).
    Removing stm32f10x_usart.o(i.USART_DMACmd), (18 bytes).
    Removing stm32f10x_usart.o(i.USART_DeInit), (156 bytes).
    Removing stm32f10x_usart.o(i.USART_GetITStatus), (84 bytes).
    Removing stm32f10x_usart.o(i.USART_HalfDuplexCmd), (24 bytes).
    Removing stm32f10x_usart.o(i.USART_IrDACmd), (24 bytes).
    Removing stm32f10x_usart.o(i.USART_IrDAConfig), (18 bytes).
    Removing stm32f10x_usart.o(i.USART_LINBreakDetectLengthConfig), (18 bytes).
    Removing stm32f10x_usart.o(i.USART_LINCmd), (24 bytes).
    Removing stm32f10x_usart.o(i.USART_OneBitMethodCmd), (24 bytes).
    Removing stm32f10x_usart.o(i.USART_OverSampling8Cmd), (22 bytes).
    Removing stm32f10x_usart.o(i.USART_ReceiverWakeUpCmd), (24 bytes).
    Removing stm32f10x_usart.o(i.USART_SendBreak), (10 bytes).
    Removing stm32f10x_usart.o(i.USART_SetAddress), (18 bytes).
    Removing stm32f10x_usart.o(i.USART_SetGuardTime), (16 bytes).
    Removing stm32f10x_usart.o(i.USART_SetPrescaler), (16 bytes).
    Removing stm32f10x_usart.o(i.USART_SmartCardCmd), (24 bytes).
    Removing stm32f10x_usart.o(i.USART_SmartCardNACKCmd), (24 bytes).
    Removing stm32f10x_usart.o(i.USART_StructInit), (24 bytes).
    Removing stm32f10x_usart.o(i.USART_WakeUpConfig), (18 bytes).
    Removing system_stm32f10x.o(.rev16_text), (4 bytes).
    Removing system_stm32f10x.o(.revsh_text), (4 bytes).
    Removing system_stm32f10x.o(.rrx_text), (6 bytes).
    Removing system_stm32f10x.o(i.SystemCoreClockUpdate), (164 bytes).
    Removing system_stm32f10x.o(.data), (20 bytes).

238 unused section(s) (total 7526 bytes) removed from the image.

==============================================================================

Image Symbol Table

    Local Symbols

    Symbol Name                              Value     Ov Type        Size  Object(Section)

    ../clib/angel/boardlib.s                 0x00000000   Number         0  boardinit1.o ABSOLUTE
    ../clib/angel/boardlib.s                 0x00000000   Number         0  boardshut.o ABSOLUTE
    ../clib/angel/boardlib.s                 0x00000000   Number         0  boardinit2.o ABSOLUTE
    ../clib/angel/boardlib.s                 0x00000000   Number         0  boardinit3.o ABSOLUTE
    ../clib/angel/handlers.s                 0x00000000   Number         0  __scatter_copy.o ABSOLUTE
    ../clib/angel/handlers.s                 0x00000000   Number         0  __scatter_zi.o ABSOLUTE
    ../clib/angel/kernel.s                   0x00000000   Number         0  rtexit.o ABSOLUTE
    ../clib/angel/kernel.s                   0x00000000   Number         0  __rtentry4.o ABSOLUTE
    ../clib/angel/kernel.s                   0x00000000   Number         0  rtexit2.o ABSOLUTE
    ../clib/angel/kernel.s                   0x00000000   Number         0  __rtentry2.o ABSOLUTE
    ../clib/angel/kernel.s                   0x00000000   Number         0  __rtentry.o ABSOLUTE
    ../clib/angel/rt.s                       0x00000000   Number         0  rt_raise.o ABSOLUTE
    ../clib/angel/scatter.s                  0x00000000   Number         0  __scatter.o ABSOLUTE
    ../clib/angel/startup.s                  0x00000000   Number         0  __main.o ABSOLUTE
    ../clib/angel/sys.s                      0x00000000   Number         0  indicate_semi.o ABSOLUTE
    ../clib/angel/sys.s                      0x00000000   Number         0  use_no_semi.o ABSOLUTE
    ../clib/angel/sys.s                      0x00000000   Number         0  libspace.o ABSOLUTE
    ../clib/angel/sys.s                      0x00000000   Number         0  sys_stackheap_outer.o ABSOLUTE
    ../clib/angel/sysapp.c                   0x00000000   Number         0  sys_exit.o ABSOLUTE
    ../clib/angel/sysapp.c                   0x00000000   Number         0  sys_command.o ABSOLUTE
    ../clib/angel/sysapp.c                   0x00000000   Number         0  sys_wrch.o ABSOLUTE
    ../clib/armsys.c                         0x00000000   Number         0  no_argv.o ABSOLUTE
    ../clib/armsys.c                         0x00000000   Number         0  argv_veneer.o ABSOLUTE
    ../clib/armsys.c                         0x00000000   Number         0  argv_veneer.o ABSOLUTE
    ../clib/armsys.c                         0x00000000   Number         0  _get_argv_nomalloc.o ABSOLUTE
    ../clib/heapalloc.c                      0x00000000   Number         0  hrguard.o ABSOLUTE
    ../clib/heapaux.c                        0x00000000   Number         0  heapauxi.o ABSOLUTE
    ../clib/libinit.s                        0x00000000   Number         0  libshutdown.o ABSOLUTE
    ../clib/libinit.s                        0x00000000   Number         0  libinit2.o ABSOLUTE
    ../clib/libinit.s                        0x00000000   Number         0  libinit.o ABSOLUTE
    ../clib/libinit.s                        0x00000000   Number         0  libshutdown2.o ABSOLUTE
    ../clib/signal.c                         0x00000000   Number         0  defsig_rtred_inner.o ABSOLUTE
    ../clib/signal.c                         0x00000000   Number         0  defsig_rtmem_outer.o ABSOLUTE
    ../clib/signal.c                         0x00000000   Number         0  defsig_abrt_inner.o ABSOLUTE
    ../clib/signal.c                         0x00000000   Number         0  defsig_stak_inner.o ABSOLUTE
    ../clib/signal.c                         0x00000000   Number         0  defsig_pvfn_inner.o ABSOLUTE
    ../clib/signal.c                         0x00000000   Number         0  defsig_cppl_inner.o ABSOLUTE
    ../clib/signal.c                         0x00000000   Number         0  defsig_segv_inner.o ABSOLUTE
    ../clib/signal.c                         0x00000000   Number         0  defsig_other.o ABSOLUTE
    ../clib/signal.c                         0x00000000   Number         0  __raise.o ABSOLUTE
    ../clib/signal.c                         0x00000000   Number         0  defsig_rtmem_inner.o ABSOLUTE
    ../clib/signal.c                         0x00000000   Number         0  defsig_exit.o ABSOLUTE
    ../clib/signal.c                         0x00000000   Number         0  defsig_general.o ABSOLUTE
    ../clib/signal.c                         0x00000000   Number         0  defsig_fpe_inner.o ABSOLUTE
    ../clib/signal.c                         0x00000000   Number         0  defsig_rtmem_formal.o ABSOLUTE
    ../clib/signal.s                         0x00000000   Number         0  defsig.o ABSOLUTE
    ../clib/stdlib.c                         0x00000000   Number         0  exit.o ABSOLUTE
    ../clib/string.c                         0x00000000   Number         0  strrchr.o ABSOLUTE
    ../clib/string.c                         0x00000000   Number         0  strlen.o ABSOLUTE
    ../clib/string.c                         0x00000000   Number         0  strstr.o ABSOLUTE
    ../fplib/fdiv.s                          0x00000000   Number         0  fdiv.o ABSOLUTE
    ../fplib/ffixu.s                         0x00000000   Number         0  ffixu.o ABSOLUTE
    ../fplib/fflt.s                          0x00000000   Number         0  fflt_clz.o ABSOLUTE
    ../fplib/fnaninf.s                       0x00000000   Number         0  fnaninf.o ABSOLUTE
    ../fplib/fpinit.s                        0x00000000   Number         0  fpinit.o ABSOLUTE
    ../fplib/fretinf.s                       0x00000000   Number         0  fretinf.o ABSOLUTE
    ../fplib/usenofp.s                       0x00000000   Number         0  usenofp.o ABSOLUTE
    C:\Keil_v5\ARM\PACK\Keil\STM32F1xx_DFP\2.3.0\Device\StdPeriph_Driver\src\misc.c 0x00000000   Number         0  misc.o ABSOLUTE
    C:\Keil_v5\ARM\PACK\Keil\STM32F1xx_DFP\2.3.0\Device\StdPeriph_Driver\src\stm32f10x_adc.c 0x00000000   Number         0  stm32f10x_adc.o ABSOLUTE
    C:\Keil_v5\ARM\PACK\Keil\STM32F1xx_DFP\2.3.0\Device\StdPeriph_Driver\src\stm32f10x_can.c 0x00000000   Number         0  stm32f10x_can.o ABSOLUTE
    C:\Keil_v5\ARM\PACK\Keil\STM32F1xx_DFP\2.3.0\Device\StdPeriph_Driver\src\stm32f10x_exti.c 0x00000000   Number         0  stm32f10x_exti.o ABSOLUTE
    C:\Keil_v5\ARM\PACK\Keil\STM32F1xx_DFP\2.3.0\Device\StdPeriph_Driver\src\stm32f10x_gpio.c 0x00000000   Number         0  stm32f10x_gpio.o ABSOLUTE
    C:\Keil_v5\ARM\PACK\Keil\STM32F1xx_DFP\2.3.0\Device\StdPeriph_Driver\src\stm32f10x_pwr.c 0x00000000   Number         0  stm32f10x_pwr.o ABSOLUTE
    C:\Keil_v5\ARM\PACK\Keil\STM32F1xx_DFP\2.3.0\Device\StdPeriph_Driver\src\stm32f10x_rcc.c 0x00000000   Number         0  stm32f10x_rcc.o ABSOLUTE
    C:\Keil_v5\ARM\PACK\Keil\STM32F1xx_DFP\2.3.0\Device\StdPeriph_Driver\src\stm32f10x_tim.c 0x00000000   Number         0  stm32f10x_tim.o ABSOLUTE
    C:\Keil_v5\ARM\PACK\Keil\STM32F1xx_DFP\2.3.0\Device\StdPeriph_Driver\src\stm32f10x_usart.c 0x00000000   Number         0  stm32f10x_usart.o ABSOLUTE
    C:\\Keil_v5\\ARM\\PACK\\Keil\\STM32F1xx_DFP\\2.3.0\\Device\\StdPeriph_Driver\\src\\misc.c 0x00000000   Number         0  misc.o ABSOLUTE
    C:\\Keil_v5\\ARM\\PACK\\Keil\\STM32F1xx_DFP\\2.3.0\\Device\\StdPeriph_Driver\\src\\stm32f10x_adc.c 0x00000000   Number         0  stm32f10x_adc.o ABSOLUTE
    C:\\Keil_v5\\ARM\\PACK\\Keil\\STM32F1xx_DFP\\2.3.0\\Device\\StdPeriph_Driver\\src\\stm32f10x_can.c 0x00000000   Number         0  stm32f10x_can.o ABSOLUTE
    C:\\Keil_v5\\ARM\\PACK\\Keil\\STM32F1xx_DFP\\2.3.0\\Device\\StdPeriph_Driver\\src\\stm32f10x_exti.c 0x00000000   Number         0  stm32f10x_exti.o ABSOLUTE
    C:\\Keil_v5\\ARM\\PACK\\Keil\\STM32F1xx_DFP\\2.3.0\\Device\\StdPeriph_Driver\\src\\stm32f10x_gpio.c 0x00000000   Number         0  stm32f10x_gpio.o ABSOLUTE
    C:\\Keil_v5\\ARM\\PACK\\Keil\\STM32F1xx_DFP\\2.3.0\\Device\\StdPeriph_Driver\\src\\stm32f10x_pwr.c 0x00000000   Number         0  stm32f10x_pwr.o ABSOLUTE
    C:\\Keil_v5\\ARM\\PACK\\Keil\\STM32F1xx_DFP\\2.3.0\\Device\\StdPeriph_Driver\\src\\stm32f10x_rcc.c 0x00000000   Number         0  stm32f10x_rcc.o ABSOLUTE
    C:\\Keil_v5\\ARM\\PACK\\Keil\\STM32F1xx_DFP\\2.3.0\\Device\\StdPeriph_Driver\\src\\stm32f10x_tim.c 0x00000000   Number         0  stm32f10x_tim.o ABSOLUTE
    C:\\Keil_v5\\ARM\\PACK\\Keil\\STM32F1xx_DFP\\2.3.0\\Device\\StdPeriph_Driver\\src\\stm32f10x_usart.c 0x00000000   Number         0  stm32f10x_usart.o ABSOLUTE
    RTE\Device\STM32F103C8\startup_stm32f10x_md.s 0x00000000   Number         0  startup_stm32f10x_md.o ABSOLUTE
    RTE\Device\STM32F103C8\system_stm32f10x.c 0x00000000   Number         0  system_stm32f10x.o ABSOLUTE
    RTE\\Device\\STM32F103C8\\system_stm32f10x.c 0x00000000   Number         0  system_stm32f10x.o ABSOLUTE
    dc.s                                     0x00000000   Number         0  dc.o ABSOLUTE
    init_function.c                          0x00000000   Number         0  init_function.o ABSOLUTE
    init_function.c                          0x00000000   Number         0  init_function.o ABSOLUTE
    main.c                                   0x00000000   Number         0  main.o ABSOLUTE
    main.c                                   0x00000000   Number         0  main.o ABSOLUTE
    mqtt.c                                   0x00000000   Number         0  mqtt.o ABSOLUTE
    mqtt.c                                   0x00000000   Number         0  mqtt.o ABSOLUTE
    RESET                                    0x08000000   Section      236  startup_stm32f10x_md.o(RESET)
    !!!main                                  0x080000ec   Section        8  __main.o(!!!main)
    !!!scatter                               0x080000f4   Section       52  __scatter.o(!!!scatter)
    !!handler_copy                           0x08000128   Section       26  __scatter_copy.o(!!handler_copy)
    !!handler_zi                             0x08000144   Section       28  __scatter_zi.o(!!handler_zi)
    .ARM.Collect$$libinit$$00000000          0x08000160   Section        2  libinit.o(.ARM.Collect$$libinit$$00000000)
    .ARM.Collect$$libinit$$00000002          0x08000162   Section        0  libinit2.o(.ARM.Collect$$libinit$$00000002)
    .ARM.Collect$$libinit$$00000004          0x08000162   Section        0  libinit2.o(.ARM.Collect$$libinit$$00000004)
    .ARM.Collect$$libinit$$0000000A          0x08000162   Section        0  libinit2.o(.ARM.Collect$$libinit$$0000000A)
    .ARM.Collect$$libinit$$0000000C          0x08000162   Section        0  libinit2.o(.ARM.Collect$$libinit$$0000000C)
    .ARM.Collect$$libinit$$0000000E          0x08000162   Section        0  libinit2.o(.ARM.Collect$$libinit$$0000000E)
    .ARM.Collect$$libinit$$00000011          0x08000162   Section        0  libinit2.o(.ARM.Collect$$libinit$$00000011)
    .ARM.Collect$$libinit$$00000013          0x08000162   Section        0  libinit2.o(.ARM.Collect$$libinit$$00000013)
    .ARM.Collect$$libinit$$00000015          0x08000162   Section        0  libinit2.o(.ARM.Collect$$libinit$$00000015)
    .ARM.Collect$$libinit$$00000017          0x08000162   Section        0  libinit2.o(.ARM.Collect$$libinit$$00000017)
    .ARM.Collect$$libinit$$00000019          0x08000162   Section        0  libinit2.o(.ARM.Collect$$libinit$$00000019)
    .ARM.Collect$$libinit$$0000001B          0x08000162   Section        0  libinit2.o(.ARM.Collect$$libinit$$0000001B)
    .ARM.Collect$$libinit$$0000001D          0x08000162   Section        0  libinit2.o(.ARM.Collect$$libinit$$0000001D)
    .ARM.Collect$$libinit$$0000001F          0x08000162   Section        0  libinit2.o(.ARM.Collect$$libinit$$0000001F)
    .ARM.Collect$$libinit$$00000021          0x08000162   Section        0  libinit2.o(.ARM.Collect$$libinit$$00000021)
    .ARM.Collect$$libinit$$00000023          0x08000162   Section        0  libinit2.o(.ARM.Collect$$libinit$$00000023)
    .ARM.Collect$$libinit$$00000025          0x08000162   Section        0  libinit2.o(.ARM.Collect$$libinit$$00000025)
    .ARM.Collect$$libinit$$0000002C          0x08000162   Section        0  libinit2.o(.ARM.Collect$$libinit$$0000002C)
    .ARM.Collect$$libinit$$0000002E          0x08000162   Section        0  libinit2.o(.ARM.Collect$$libinit$$0000002E)
    .ARM.Collect$$libinit$$00000030          0x08000162   Section        0  libinit2.o(.ARM.Collect$$libinit$$00000030)
    .ARM.Collect$$libinit$$00000032          0x08000162   Section        0  libinit2.o(.ARM.Collect$$libinit$$00000032)
    .ARM.Collect$$libinit$$00000033          0x08000162   Section        2  libinit2.o(.ARM.Collect$$libinit$$00000033)
    .ARM.Collect$$libshutdown$$00000000      0x08000164   Section        2  libshutdown.o(.ARM.Collect$$libshutdown$$00000000)
    .ARM.Collect$$libshutdown$$00000002      0x08000166   Section        0  libshutdown2.o(.ARM.Collect$$libshutdown$$00000002)
    .ARM.Collect$$libshutdown$$00000004      0x08000166   Section        0  libshutdown2.o(.ARM.Collect$$libshutdown$$00000004)
    .ARM.Collect$$libshutdown$$00000007      0x08000166   Section        0  libshutdown2.o(.ARM.Collect$$libshutdown$$00000007)
    .ARM.Collect$$libshutdown$$0000000A      0x08000166   Section        0  libshutdown2.o(.ARM.Collect$$libshutdown$$0000000A)
    .ARM.Collect$$libshutdown$$0000000C      0x08000166   Section        0  libshutdown2.o(.ARM.Collect$$libshutdown$$0000000C)
    .ARM.Collect$$libshutdown$$0000000F      0x08000166   Section        0  libshutdown2.o(.ARM.Collect$$libshutdown$$0000000F)
    .ARM.Collect$$libshutdown$$00000010      0x08000166   Section        2  libshutdown2.o(.ARM.Collect$$libshutdown$$00000010)
    .ARM.Collect$$rtentry$$00000000          0x08000168   Section        0  __rtentry.o(.ARM.Collect$$rtentry$$00000000)
    .ARM.Collect$$rtentry$$00000002          0x08000168   Section        0  __rtentry2.o(.ARM.Collect$$rtentry$$00000002)
    .ARM.Collect$$rtentry$$00000004          0x08000168   Section        6  __rtentry4.o(.ARM.Collect$$rtentry$$00000004)
    .ARM.Collect$$rtentry$$00000009          0x0800016e   Section        0  __rtentry2.o(.ARM.Collect$$rtentry$$00000009)
    .ARM.Collect$$rtentry$$0000000A          0x0800016e   Section        4  __rtentry2.o(.ARM.Collect$$rtentry$$0000000A)
    .ARM.Collect$$rtentry$$0000000C          0x08000172   Section        0  __rtentry2.o(.ARM.Collect$$rtentry$$0000000C)
    .ARM.Collect$$rtentry$$0000000D          0x08000172   Section        8  __rtentry2.o(.ARM.Collect$$rtentry$$0000000D)
    .ARM.Collect$$rtexit$$00000000           0x0800017a   Section        2  rtexit.o(.ARM.Collect$$rtexit$$00000000)
    .ARM.Collect$$rtexit$$00000002           0x0800017c   Section        0  rtexit2.o(.ARM.Collect$$rtexit$$00000002)
    .ARM.Collect$$rtexit$$00000003           0x0800017c   Section        4  rtexit2.o(.ARM.Collect$$rtexit$$00000003)
    .ARM.Collect$$rtexit$$00000004           0x08000180   Section        6  rtexit2.o(.ARM.Collect$$rtexit$$00000004)
    .text                                    0x08000188   Section       64  startup_stm32f10x_md.o(.text)
    .text                                    0x080001c8   Section        0  strstr.o(.text)
    .text                                    0x080001ec   Section        0  strrchr.o(.text)
    .text                                    0x08000202   Section        0  strlen.o(.text)
    .text                                    0x08000240   Section        0  heapauxi.o(.text)
    .text                                    0x08000246   Section       74  sys_stackheap_outer.o(.text)
    .text                                    0x08000290   Section        0  exit.o(.text)
    .text                                    0x080002a4   Section        8  libspace.o(.text)
    .text                                    0x080002ac   Section        0  sys_exit.o(.text)
    .text                                    0x080002b8   Section        2  use_no_semi.o(.text)
    .text                                    0x080002ba   Section        0  indicate_semi.o(.text)
    i.ADC1_2_IRQHandler                      0x080002bc   Section        0  main.o(i.ADC1_2_IRQHandler)
    i.ADC_ClearITPendingBit                  0x08000304   Section        0  stm32f10x_adc.o(i.ADC_ClearITPendingBit)
    i.ADC_Cmd                                0x0800030e   Section        0  stm32f10x_adc.o(i.ADC_Cmd)
    i.ADC_GetCalibrationStatus               0x08000324   Section        0  stm32f10x_adc.o(i.ADC_GetCalibrationStatus)
    i.ADC_GetConversionValue                 0x08000338   Section        0  stm32f10x_adc.o(i.ADC_GetConversionValue)
    i.ADC_GetITStatus                        0x08000340   Section        0  stm32f10x_adc.o(i.ADC_GetITStatus)
    i.ADC_GetResetCalibrationStatus          0x08000364   Section        0  stm32f10x_adc.o(i.ADC_GetResetCalibrationStatus)
    i.ADC_ITConfig                           0x08000378   Section        0  stm32f10x_adc.o(i.ADC_ITConfig)
    i.ADC_Init                               0x08000390   Section        0  stm32f10x_adc.o(i.ADC_Init)
    i.ADC_RegularChannelConfig               0x080003e0   Section        0  stm32f10x_adc.o(i.ADC_RegularChannelConfig)
    i.ADC_ResetCalibration                   0x08000498   Section        0  stm32f10x_adc.o(i.ADC_ResetCalibration)
    i.ADC_SoftwareStartConvCmd               0x080004a2   Section        0  stm32f10x_adc.o(i.ADC_SoftwareStartConvCmd)
    i.ADC_StartCalibration                   0x080004b8   Section        0  stm32f10x_adc.o(i.ADC_StartCalibration)
    i.ADC_init                               0x080004c4   Section        0  init_function.o(i.ADC_init)
    i.CAN_ClearITPendingBit                  0x08000570   Section        0  stm32f10x_can.o(i.CAN_ClearITPendingBit)
    i.CAN_DeInit                             0x08000618   Section        0  stm32f10x_can.o(i.CAN_DeInit)
    i.CAN_FilterInit                         0x08000650   Section        0  stm32f10x_can.o(i.CAN_FilterInit)
    i.CAN_GetITStatus                        0x08000758   Section        0  stm32f10x_can.o(i.CAN_GetITStatus)
    i.CAN_ITConfig                           0x08000878   Section        0  stm32f10x_can.o(i.CAN_ITConfig)
    i.CAN_Init                               0x0800088a   Section        0  stm32f10x_can.o(i.CAN_Init)
    i.CAN_Receive                            0x0800099e   Section        0  stm32f10x_can.o(i.CAN_Receive)
    i.CAN_Send                               0x08000a90   Section        0  init_function.o(i.CAN_Send)
    i.CAN_StructInit                         0x08000af0   Section        0  stm32f10x_can.o(i.CAN_StructInit)
    i.CAN_Transmit                           0x08000b10   Section        0  stm32f10x_can.o(i.CAN_Transmit)
    i.CheckITStatus                          0x08000c36   Section        0  stm32f10x_can.o(i.CheckITStatus)
    CheckITStatus                            0x08000c37   Thumb Code    18  stm32f10x_can.o(i.CheckITStatus)
    i.Delay_ms                               0x08000c48   Section        0  init_function.o(i.Delay_ms)
    i.EXTI_ClearFlag                         0x08000c74   Section        0  stm32f10x_exti.o(i.EXTI_ClearFlag)
    i.EXTI_DeInit                            0x08000c80   Section        0  stm32f10x_exti.o(i.EXTI_DeInit)
    i.EXTI_Init                              0x08000ca4   Section        0  stm32f10x_exti.o(i.EXTI_Init)
    i.Engine_start                           0x08000d38   Section        0  main.o(i.Engine_start)
    i.Engine_stop                            0x08000f74   Section        0  main.o(i.Engine_stop)
    i.GPIO_EXTILineConfig                    0x08000fc4   Section        0  stm32f10x_gpio.o(i.GPIO_EXTILineConfig)
    i.GPIO_Init                              0x08001004   Section        0  stm32f10x_gpio.o(i.GPIO_Init)
    i.GPIO_PinRemapConfig                    0x0800111c   Section        0  stm32f10x_gpio.o(i.GPIO_PinRemapConfig)
    i.GPIO_ResetBits                         0x080011ac   Section        0  stm32f10x_gpio.o(i.GPIO_ResetBits)
    i.GPIO_SetBits                           0x080011b0   Section        0  stm32f10x_gpio.o(i.GPIO_SetBits)
    i.MQTT_CONNECT                           0x080011b4   Section        0  main.o(i.MQTT_CONNECT)
    i.MQTT_IntPub                            0x080013f4   Section        0  mqtt.o(i.MQTT_IntPub)
    i.MQTT_PUB                               0x08001426   Section        0  mqtt.o(i.MQTT_PUB)
    i.MQTT_PUB_float                         0x08001474   Section        0  mqtt.o(i.MQTT_PUB_float)
    i.MQTT_PUB_minus                         0x08001500   Section        0  mqtt.o(i.MQTT_PUB_minus)
    i.MQTT_SUB                               0x08001552   Section        0  mqtt.o(i.MQTT_SUB)
    i.MQTT_fun                               0x0800159c   Section        0  main.o(i.MQTT_fun)
    i.NVIC_Init                              0x08001ac4   Section        0  misc.o(i.NVIC_Init)
    i.PWR_EnterSTOPMode                      0x08001b34   Section        0  stm32f10x_pwr.o(i.PWR_EnterSTOPMode)
    i.Prepar_to_sleep                        0x08001b74   Section        0  init_function.o(i.Prepar_to_sleep)
    i.RCC_ADCCLKConfig                       0x08001c14   Section        0  stm32f10x_rcc.o(i.RCC_ADCCLKConfig)
    i.RCC_APB1PeriphClockCmd                 0x08001c2c   Section        0  stm32f10x_rcc.o(i.RCC_APB1PeriphClockCmd)
    i.RCC_APB1PeriphResetCmd                 0x08001c4c   Section        0  stm32f10x_rcc.o(i.RCC_APB1PeriphResetCmd)
    i.RCC_APB2PeriphClockCmd                 0x08001c6c   Section        0  stm32f10x_rcc.o(i.RCC_APB2PeriphClockCmd)
    i.RCC_Config                             0x08001c8c   Section        0  init_function.o(i.RCC_Config)
    i.RCC_DeInit                             0x08001d60   Section        0  stm32f10x_rcc.o(i.RCC_DeInit)
    i.RCC_GetClocksFreq                      0x08001dac   Section        0  stm32f10x_rcc.o(i.RCC_GetClocksFreq)
    i.RCC_GetFlagStatus                      0x08001e80   Section        0  stm32f10x_rcc.o(i.RCC_GetFlagStatus)
    i.RCC_GetSYSCLKSource                    0x08001ebc   Section        0  stm32f10x_rcc.o(i.RCC_GetSYSCLKSource)
    i.RCC_HCLKConfig                         0x08001ecc   Section        0  stm32f10x_rcc.o(i.RCC_HCLKConfig)
    i.RCC_HSEConfig                          0x08001ee4   Section        0  stm32f10x_rcc.o(i.RCC_HSEConfig)
    i.RCC_PCLK1Config                        0x08001f30   Section        0  stm32f10x_rcc.o(i.RCC_PCLK1Config)
    i.RCC_PCLK2Config                        0x08001f48   Section        0  stm32f10x_rcc.o(i.RCC_PCLK2Config)
    i.RCC_PLLCmd                             0x08001f60   Section        0  stm32f10x_rcc.o(i.RCC_PLLCmd)
    i.RCC_PLLConfig                          0x08001f6c   Section        0  stm32f10x_rcc.o(i.RCC_PLLConfig)
    i.RCC_SYSCLKConfig                       0x08001f88   Section        0  stm32f10x_rcc.o(i.RCC_SYSCLKConfig)
    i.RCC_WaitForHSEStartUp                  0x08001fa0   Section        0  stm32f10x_rcc.o(i.RCC_WaitForHSEStartUp)
    i.Send_SMS                               0x08001fd8   Section        0  main.o(i.Send_SMS)
    i.SetSysClock                            0x0800236c   Section        0  system_stm32f10x.o(i.SetSysClock)
    SetSysClock                              0x0800236d   Thumb Code     8  system_stm32f10x.o(i.SetSysClock)
    i.SetSysClockTo72                        0x08002374   Section        0  system_stm32f10x.o(i.SetSysClockTo72)
    SetSysClockTo72                          0x08002375   Thumb Code   214  system_stm32f10x.o(i.SetSysClockTo72)
    i.SystemInit                             0x08002454   Section        0  system_stm32f10x.o(i.SystemInit)
    i.TIM4_IRQHandler                        0x080024b4   Section        0  main.o(i.TIM4_IRQHandler)
    i.TIM4_init                              0x0800251c   Section        0  init_function.o(i.TIM4_init)
    i.TIM_ClearITPendingBit                  0x08002588   Section        0  stm32f10x_tim.o(i.TIM_ClearITPendingBit)
    i.TIM_Cmd                                0x0800258e   Section        0  stm32f10x_tim.o(i.TIM_Cmd)
    i.TIM_GetITStatus                        0x080025a6   Section        0  stm32f10x_tim.o(i.TIM_GetITStatus)
    i.TIM_ITConfig                           0x080025c8   Section        0  stm32f10x_tim.o(i.TIM_ITConfig)
    i.TIM_TimeBaseInit                       0x080025dc   Section        0  stm32f10x_tim.o(i.TIM_TimeBaseInit)
    i.TIM_TimeBaseStructInit                 0x08002680   Section        0  stm32f10x_tim.o(i.TIM_TimeBaseStructInit)
    i.USART1_IRQHandler                      0x08002694   Section        0  main.o(i.USART1_IRQHandler)
    i.USART3_IRQHandler                      0x08002728   Section        0  main.o(i.USART3_IRQHandler)
    i.USARTSend                              0x08002734   Section        0  init_function.o(i.USARTSend)
    i.USARTSend_char                         0x08002760   Section        0  init_function.o(i.USARTSend_char)
    i.USART_Cmd                              0x08002780   Section        0  stm32f10x_usart.o(i.USART_Cmd)
    i.USART_GetFlagStatus                    0x08002798   Section        0  stm32f10x_usart.o(i.USART_GetFlagStatus)
    i.USART_ITConfig                         0x080027b2   Section        0  stm32f10x_usart.o(i.USART_ITConfig)
    i.USART_Init                             0x080027fc   Section        0  stm32f10x_usart.o(i.USART_Init)
    i.USART_ReceiveData                      0x080028d4   Section        0  stm32f10x_usart.o(i.USART_ReceiveData)
    i.USART_SendData                         0x080028de   Section        0  stm32f10x_usart.o(i.USART_SendData)
    i.USB_LP_CAN1_RX0_IRQHandler             0x080028e8   Section        0  main.o(i.USB_LP_CAN1_RX0_IRQHandler)
    i.clear_RXBuffer                         0x08002c9c   Section        0  main.o(i.clear_RXBuffer)
    i.enter_to_stop_mode                     0x08002cd0   Section        0  main.o(i.enter_to_stop_mode)
    i.init_CAN                               0x08002d6c   Section        0  init_function.o(i.init_CAN)
    i.main                                   0x08002ebc   Section        0  main.o(i.main)
    i.usart_init                             0x080034c8   Section        0  init_function.o(i.usart_init)
    i.utoa_builtin_div                       0x0800356c   Section        0  init_function.o(i.utoa_builtin_div)
    x$fpl$fdiv                               0x0800359c   Section      388  fdiv.o(x$fpl$fdiv)
    _fdiv1                                   0x0800359d   Thumb Code     0  fdiv.o(x$fpl$fdiv)
    x$fpl$ffixu                              0x08003720   Section       62  ffixu.o(x$fpl$ffixu)
    x$fpl$ffltu                              0x08003760   Section       38  fflt_clz.o(x$fpl$ffltu)
    x$fpl$fnaninf                            0x08003786   Section      140  fnaninf.o(x$fpl$fnaninf)
    x$fpl$fretinf                            0x08003812   Section       10  fretinf.o(x$fpl$fretinf)
    x$fpl$usenofp                            0x0800381c   Section        0  usenofp.o(x$fpl$usenofp)
    .data                                    0x20000000   Section      210  main.o(.data)
    .data                                    0x200000d2   Section       20  stm32f10x_rcc.o(.data)
    APBAHBPrescTable                         0x200000d2   Data          16  stm32f10x_rcc.o(.data)
    ADCPrescTable                            0x200000e2   Data           4  stm32f10x_rcc.o(.data)
    .bss                                     0x200000e8   Section      202  main.o(.bss)
    .bss                                     0x200001b4   Section       96  libspace.o(.bss)
    HEAP                                     0x20000218   Section      512  startup_stm32f10x_md.o(HEAP)
    Heap_Mem                                 0x20000218   Data         512  startup_stm32f10x_md.o(HEAP)
    STACK                                    0x20000418   Section     1024  startup_stm32f10x_md.o(STACK)
    Stack_Mem                                0x20000418   Data        1024  startup_stm32f10x_md.o(STACK)
    __initial_sp                             0x20000818   Data           0  startup_stm32f10x_md.o(STACK)

    Global Symbols

    Symbol Name                              Value     Ov Type        Size  Object(Section)

    BuildAttributes$$THM_ISAv4$P$D$K$B$S$PE$A:L22UL41UL21$X:L11$S22US41US21$IEEE1$IW$USESV6$~STKCKD$USESV7$~SHL$OSPACE$ROPI$EBA8$UX$STANDARDLIB$REQ8$PRES8$EABIv2 0x00000000   Number         0  anon$$obj.o ABSOLUTE
    __ARM_use_no_argv                        0x00000000   Number         0  main.o ABSOLUTE
    __ARM_exceptions_init                     - Undefined Weak Reference
    __alloca_initialize                       - Undefined Weak Reference
    __arm_preinit_                            - Undefined Weak Reference
    __cpp_initialize__aeabi_                  - Undefined Weak Reference
    __cxa_finalize                            - Undefined Weak Reference
    __rt_locale                               - Undefined Weak Reference
    __sigvec_lookup                           - Undefined Weak Reference
    _atexit_init                              - Undefined Weak Reference
    _call_atexit_fns                          - Undefined Weak Reference
    _clock_init                               - Undefined Weak Reference
    _fp_trap_init                             - Undefined Weak Reference
    _fp_trap_shutdown                         - Undefined Weak Reference
    _get_lc_collate                           - Undefined Weak Reference
    _get_lc_ctype                             - Undefined Weak Reference
    _get_lc_monetary                          - Undefined Weak Reference
    _get_lc_numeric                           - Undefined Weak Reference
    _get_lc_time                              - Undefined Weak Reference
    _getenv_init                              - Undefined Weak Reference
    _handle_redirection                       - Undefined Weak Reference
    _init_alloc                               - Undefined Weak Reference
    _init_user_alloc                          - Undefined Weak Reference
    _initio                                   - Undefined Weak Reference
    _rand_init                                - Undefined Weak Reference
    _signal_finish                            - Undefined Weak Reference
    _signal_init                              - Undefined Weak Reference
    _terminate_alloc                          - Undefined Weak Reference
    _terminate_user_alloc                     - Undefined Weak Reference
    _terminateio                              - Undefined Weak Reference
    __Vectors_Size                           0x000000ec   Number         0  startup_stm32f10x_md.o ABSOLUTE
    __Vectors                                0x08000000   Data           4  startup_stm32f10x_md.o(RESET)
    __Vectors_End                            0x080000ec   Data           0  startup_stm32f10x_md.o(RESET)
    __main                                   0x080000ed   Thumb Code     8  __main.o(!!!main)
    __scatterload                            0x080000f5   Thumb Code     0  __scatter.o(!!!scatter)
    __scatterload_rt2                        0x080000f5   Thumb Code    44  __scatter.o(!!!scatter)
    __scatterload_rt2_thumb_only             0x080000f5   Thumb Code     0  __scatter.o(!!!scatter)
    __scatterload_null                       0x08000103   Thumb Code     0  __scatter.o(!!!scatter)
    __scatterload_copy                       0x08000129   Thumb Code    26  __scatter_copy.o(!!handler_copy)
    __scatterload_zeroinit                   0x08000145   Thumb Code    28  __scatter_zi.o(!!handler_zi)
    __rt_lib_init                            0x08000161   Thumb Code     0  libinit.o(.ARM.Collect$$libinit$$00000000)
    __rt_lib_init_alloca_1                   0x08000163   Thumb Code     0  libinit2.o(.ARM.Collect$$libinit$$0000002E)
    __rt_lib_init_argv_1                     0x08000163   Thumb Code     0  libinit2.o(.ARM.Collect$$libinit$$0000002C)
    __rt_lib_init_atexit_1                   0x08000163   Thumb Code     0  libinit2.o(.ARM.Collect$$libinit$$0000001B)
    __rt_lib_init_clock_1                    0x08000163   Thumb Code     0  libinit2.o(.ARM.Collect$$libinit$$00000021)
    __rt_lib_init_cpp_1                      0x08000163   Thumb Code     0  libinit2.o(.ARM.Collect$$libinit$$00000032)
    __rt_lib_init_exceptions_1               0x08000163   Thumb Code     0  libinit2.o(.ARM.Collect$$libinit$$00000030)
    __rt_lib_init_fp_1                       0x08000163   Thumb Code     0  libinit2.o(.ARM.Collect$$libinit$$00000002)
    __rt_lib_init_fp_trap_1                  0x08000163   Thumb Code     0  libinit2.o(.ARM.Collect$$libinit$$0000001F)
    __rt_lib_init_getenv_1                   0x08000163   Thumb Code     0  libinit2.o(.ARM.Collect$$libinit$$00000023)
    __rt_lib_init_heap_1                     0x08000163   Thumb Code     0  libinit2.o(.ARM.Collect$$libinit$$0000000A)
    __rt_lib_init_lc_collate_1               0x08000163   Thumb Code     0  libinit2.o(.ARM.Collect$$libinit$$00000011)
    __rt_lib_init_lc_ctype_1                 0x08000163   Thumb Code     0  libinit2.o(.ARM.Collect$$libinit$$00000013)
    __rt_lib_init_lc_monetary_1              0x08000163   Thumb Code     0  libinit2.o(.ARM.Collect$$libinit$$00000015)
    __rt_lib_init_lc_numeric_1               0x08000163   Thumb Code     0  libinit2.o(.ARM.Collect$$libinit$$00000017)
    __rt_lib_init_lc_time_1                  0x08000163   Thumb Code     0  libinit2.o(.ARM.Collect$$libinit$$00000019)
    __rt_lib_init_preinit_1                  0x08000163   Thumb Code     0  libinit2.o(.ARM.Collect$$libinit$$00000004)
    __rt_lib_init_rand_1                     0x08000163   Thumb Code     0  libinit2.o(.ARM.Collect$$libinit$$0000000E)
    __rt_lib_init_return                     0x08000163   Thumb Code     0  libinit2.o(.ARM.Collect$$libinit$$00000033)
    __rt_lib_init_signal_1                   0x08000163   Thumb Code     0  libinit2.o(.ARM.Collect$$libinit$$0000001D)
    __rt_lib_init_stdio_1                    0x08000163   Thumb Code     0  libinit2.o(.ARM.Collect$$libinit$$00000025)
    __rt_lib_init_user_alloc_1               0x08000163   Thumb Code     0  libinit2.o(.ARM.Collect$$libinit$$0000000C)
    __rt_lib_shutdown                        0x08000165   Thumb Code     0  libshutdown.o(.ARM.Collect$$libshutdown$$00000000)
    __rt_lib_shutdown_cpp_1                  0x08000167   Thumb Code     0  libshutdown2.o(.ARM.Collect$$libshutdown$$00000002)
    __rt_lib_shutdown_fp_trap_1              0x08000167   Thumb Code     0  libshutdown2.o(.ARM.Collect$$libshutdown$$00000007)
    __rt_lib_shutdown_heap_1                 0x08000167   Thumb Code     0  libshutdown2.o(.ARM.Collect$$libshutdown$$0000000F)
    __rt_lib_shutdown_return                 0x08000167   Thumb Code     0  libshutdown2.o(.ARM.Collect$$libshutdown$$00000010)
    __rt_lib_shutdown_signal_1               0x08000167   Thumb Code     0  libshutdown2.o(.ARM.Collect$$libshutdown$$0000000A)
    __rt_lib_shutdown_stdio_1                0x08000167   Thumb Code     0  libshutdown2.o(.ARM.Collect$$libshutdown$$00000004)
    __rt_lib_shutdown_user_alloc_1           0x08000167   Thumb Code     0  libshutdown2.o(.ARM.Collect$$libshutdown$$0000000C)
    __rt_entry                               0x08000169   Thumb Code     0  __rtentry.o(.ARM.Collect$$rtentry$$00000000)
    __rt_entry_presh_1                       0x08000169   Thumb Code     0  __rtentry2.o(.ARM.Collect$$rtentry$$00000002)
    __rt_entry_sh                            0x08000169   Thumb Code     0  __rtentry4.o(.ARM.Collect$$rtentry$$00000004)
    __rt_entry_li                            0x0800016f   Thumb Code     0  __rtentry2.o(.ARM.Collect$$rtentry$$0000000A)
    __rt_entry_postsh_1                      0x0800016f   Thumb Code     0  __rtentry2.o(.ARM.Collect$$rtentry$$00000009)
    __rt_entry_main                          0x08000173   Thumb Code     0  __rtentry2.o(.ARM.Collect$$rtentry$$0000000D)
    __rt_entry_postli_1                      0x08000173   Thumb Code     0  __rtentry2.o(.ARM.Collect$$rtentry$$0000000C)
    __rt_exit                                0x0800017b   Thumb Code     0  rtexit.o(.ARM.Collect$$rtexit$$00000000)
    __rt_exit_ls                             0x0800017d   Thumb Code     0  rtexit2.o(.ARM.Collect$$rtexit$$00000003)
    __rt_exit_prels_1                        0x0800017d   Thumb Code     0  rtexit2.o(.ARM.Collect$$rtexit$$00000002)
    __rt_exit_exit                           0x08000181   Thumb Code     0  rtexit2.o(.ARM.Collect$$rtexit$$00000004)
    Reset_Handler                            0x08000189   Thumb Code     8  startup_stm32f10x_md.o(.text)
    NMI_Handler                              0x08000191   Thumb Code     2  startup_stm32f10x_md.o(.text)
    HardFault_Handler                        0x08000193   Thumb Code     2  startup_stm32f10x_md.o(.text)
    MemManage_Handler                        0x08000195   Thumb Code     2  startup_stm32f10x_md.o(.text)
    BusFault_Handler                         0x08000197   Thumb Code     2  startup_stm32f10x_md.o(.text)
    UsageFault_Handler                       0x08000199   Thumb Code     2  startup_stm32f10x_md.o(.text)
    SVC_Handler                              0x0800019b   Thumb Code     2  startup_stm32f10x_md.o(.text)
    DebugMon_Handler                         0x0800019d   Thumb Code     2  startup_stm32f10x_md.o(.text)
    PendSV_Handler                           0x0800019f   Thumb Code     2  startup_stm32f10x_md.o(.text)
    SysTick_Handler                          0x080001a1   Thumb Code     2  startup_stm32f10x_md.o(.text)
    CAN1_RX1_IRQHandler                      0x080001a3   Thumb Code     0  startup_stm32f10x_md.o(.text)
    CAN1_SCE_IRQHandler                      0x080001a3   Thumb Code     0  startup_stm32f10x_md.o(.text)
    DMA1_Channel1_IRQHandler                 0x080001a3   Thumb Code     0  startup_stm32f10x_md.o(.text)
    DMA1_Channel2_IRQHandler                 0x080001a3   Thumb Code     0  startup_stm32f10x_md.o(.text)
    DMA1_Channel3_IRQHandler                 0x080001a3   Thumb Code     0  startup_stm32f10x_md.o(.text)
    DMA1_Channel4_IRQHandler                 0x080001a3   Thumb Code     0  startup_stm32f10x_md.o(.text)
    DMA1_Channel5_IRQHandler                 0x080001a3   Thumb Code     0  startup_stm32f10x_md.o(.text)
    DMA1_Channel6_IRQHandler                 0x080001a3   Thumb Code     0  startup_stm32f10x_md.o(.text)
    DMA1_Channel7_IRQHandler                 0x080001a3   Thumb Code     0  startup_stm32f10x_md.o(.text)
    EXTI0_IRQHandler                         0x080001a3   Thumb Code     0  startup_stm32f10x_md.o(.text)
    EXTI15_10_IRQHandler                     0x080001a3   Thumb Code     0  startup_stm32f10x_md.o(.text)
    EXTI1_IRQHandler                         0x080001a3   Thumb Code     0  startup_stm32f10x_md.o(.text)
    EXTI2_IRQHandler                         0x080001a3   Thumb Code     0  startup_stm32f10x_md.o(.text)
    EXTI3_IRQHandler                         0x080001a3   Thumb Code     0  startup_stm32f10x_md.o(.text)
    EXTI4_IRQHandler                         0x080001a3   Thumb Code     0  startup_stm32f10x_md.o(.text)
    EXTI9_5_IRQHandler                       0x080001a3   Thumb Code     0  startup_stm32f10x_md.o(.text)
    FLASH_IRQHandler                         0x080001a3   Thumb Code     0  startup_stm32f10x_md.o(.text)
    I2C1_ER_IRQHandler                       0x080001a3   Thumb Code     0  startup_stm32f10x_md.o(.text)
    I2C1_EV_IRQHandler                       0x080001a3   Thumb Code     0  startup_stm32f10x_md.o(.text)
    I2C2_ER_IRQHandler                       0x080001a3   Thumb Code     0  startup_stm32f10x_md.o(.text)
    I2C2_EV_IRQHandler                       0x080001a3   Thumb Code     0  startup_stm32f10x_md.o(.text)
    PVD_IRQHandler                           0x080001a3   Thumb Code     0  startup_stm32f10x_md.o(.text)
    RCC_IRQHandler                           0x080001a3   Thumb Code     0  startup_stm32f10x_md.o(.text)
    RTCAlarm_IRQHandler                      0x080001a3   Thumb Code     0  startup_stm32f10x_md.o(.text)
    RTC_IRQHandler                           0x080001a3   Thumb Code     0  startup_stm32f10x_md.o(.text)
    SPI1_IRQHandler                          0x080001a3   Thumb Code     0  startup_stm32f10x_md.o(.text)
    SPI2_IRQHandler                          0x080001a3   Thumb Code     0  startup_stm32f10x_md.o(.text)
    TAMPER_IRQHandler                        0x080001a3   Thumb Code     0  startup_stm32f10x_md.o(.text)
    TIM1_BRK_IRQHandler                      0x080001a3   Thumb Code     0  startup_stm32f10x_md.o(.text)
    TIM1_CC_IRQHandler                       0x080001a3   Thumb Code     0  startup_stm32f10x_md.o(.text)
    TIM1_TRG_COM_IRQHandler                  0x080001a3   Thumb Code     0  startup_stm32f10x_md.o(.text)
    TIM1_UP_IRQHandler                       0x080001a3   Thumb Code     0  startup_stm32f10x_md.o(.text)
    TIM2_IRQHandler                          0x080001a3   Thumb Code     0  startup_stm32f10x_md.o(.text)
    TIM3_IRQHandler                          0x080001a3   Thumb Code     0  startup_stm32f10x_md.o(.text)
    USART2_IRQHandler                        0x080001a3   Thumb Code     0  startup_stm32f10x_md.o(.text)
    USBWakeUp_IRQHandler                     0x080001a3   Thumb Code     0  startup_stm32f10x_md.o(.text)
    USB_HP_CAN1_TX_IRQHandler                0x080001a3   Thumb Code     0  startup_stm32f10x_md.o(.text)
    WWDG_IRQHandler                          0x080001a3   Thumb Code     0  startup_stm32f10x_md.o(.text)
    __user_initial_stackheap                 0x080001a5   Thumb Code     0  startup_stm32f10x_md.o(.text)
    strstr                                   0x080001c9   Thumb Code    36  strstr.o(.text)
    strrchr                                  0x080001ed   Thumb Code    22  strrchr.o(.text)
    strlen                                   0x08000203   Thumb Code    62  strlen.o(.text)
    __use_two_region_memory                  0x08000241   Thumb Code     2  heapauxi.o(.text)
    __rt_heap_escrow$2region                 0x08000243   Thumb Code     2  heapauxi.o(.text)
    __rt_heap_expand$2region                 0x08000245   Thumb Code     2  heapauxi.o(.text)
    __user_setup_stackheap                   0x08000247   Thumb Code    74  sys_stackheap_outer.o(.text)
    exit                                     0x08000291   Thumb Code    18  exit.o(.text)
    __user_libspace                          0x080002a5   Thumb Code     8  libspace.o(.text)
    __user_perproc_libspace                  0x080002a5   Thumb Code     0  libspace.o(.text)
    __user_perthread_libspace                0x080002a5   Thumb Code     0  libspace.o(.text)
    _sys_exit                                0x080002ad   Thumb Code     8  sys_exit.o(.text)
    __I$use$semihosting                      0x080002b9   Thumb Code     0  use_no_semi.o(.text)
    __use_no_semihosting_swi                 0x080002b9   Thumb Code     2  use_no_semi.o(.text)
    __semihosting_library_function           0x080002bb   Thumb Code     0  indicate_semi.o(.text)
    ADC1_2_IRQHandler                        0x080002bd   Thumb Code    60  main.o(i.ADC1_2_IRQHandler)
    ADC_ClearITPendingBit                    0x08000305   Thumb Code    10  stm32f10x_adc.o(i.ADC_ClearITPendingBit)
    ADC_Cmd                                  0x0800030f   Thumb Code    22  stm32f10x_adc.o(i.ADC_Cmd)
    ADC_GetCalibrationStatus                 0x08000325   Thumb Code    20  stm32f10x_adc.o(i.ADC_GetCalibrationStatus)
    ADC_GetConversionValue                   0x08000339   Thumb Code     8  stm32f10x_adc.o(i.ADC_GetConversionValue)
    ADC_GetITStatus                          0x08000341   Thumb Code    36  stm32f10x_adc.o(i.ADC_GetITStatus)
    ADC_GetResetCalibrationStatus            0x08000365   Thumb Code    20  stm32f10x_adc.o(i.ADC_GetResetCalibrationStatus)
    ADC_ITConfig                             0x08000379   Thumb Code    24  stm32f10x_adc.o(i.ADC_ITConfig)
    ADC_Init                                 0x08000391   Thumb Code    70  stm32f10x_adc.o(i.ADC_Init)
    ADC_RegularChannelConfig                 0x080003e1   Thumb Code   184  stm32f10x_adc.o(i.ADC_RegularChannelConfig)
    ADC_ResetCalibration                     0x08000499   Thumb Code    10  stm32f10x_adc.o(i.ADC_ResetCalibration)
    ADC_SoftwareStartConvCmd                 0x080004a3   Thumb Code    22  stm32f10x_adc.o(i.ADC_SoftwareStartConvCmd)
    ADC_StartCalibration                     0x080004b9   Thumb Code    10  stm32f10x_adc.o(i.ADC_StartCalibration)
    ADC_init                                 0x080004c5   Thumb Code   162  init_function.o(i.ADC_init)
    CAN_ClearITPendingBit                    0x08000571   Thumb Code   162  stm32f10x_can.o(i.CAN_ClearITPendingBit)
    CAN_DeInit                               0x08000619   Thumb Code    50  stm32f10x_can.o(i.CAN_DeInit)
    CAN_FilterInit                           0x08000651   Thumb Code   258  stm32f10x_can.o(i.CAN_FilterInit)
    CAN_GetITStatus                          0x08000759   Thumb Code   284  stm32f10x_can.o(i.CAN_GetITStatus)
    CAN_ITConfig                             0x08000879   Thumb Code    18  stm32f10x_can.o(i.CAN_ITConfig)
    CAN_Init                                 0x0800088b   Thumb Code   276  stm32f10x_can.o(i.CAN_Init)
    CAN_Receive                              0x0800099f   Thumb Code   240  stm32f10x_can.o(i.CAN_Receive)
    CAN_Send                                 0x08000a91   Thumb Code    90  init_function.o(i.CAN_Send)
    CAN_StructInit                           0x08000af1   Thumb Code    32  stm32f10x_can.o(i.CAN_StructInit)
    CAN_Transmit                             0x08000b11   Thumb Code   294  stm32f10x_can.o(i.CAN_Transmit)
    Delay_ms                                 0x08000c49   Thumb Code    44  init_function.o(i.Delay_ms)
    EXTI_ClearFlag                           0x08000c75   Thumb Code     6  stm32f10x_exti.o(i.EXTI_ClearFlag)
    EXTI_DeInit                              0x08000c81   Thumb Code    28  stm32f10x_exti.o(i.EXTI_DeInit)
    EXTI_Init                                0x08000ca5   Thumb Code   142  stm32f10x_exti.o(i.EXTI_Init)
    Engine_start                             0x08000d39   Thumb Code   524  main.o(i.Engine_start)
    Engine_stop                              0x08000f75   Thumb Code    64  main.o(i.Engine_stop)
    GPIO_EXTILineConfig                      0x08000fc5   Thumb Code    60  stm32f10x_gpio.o(i.GPIO_EXTILineConfig)
    GPIO_Init                                0x08001005   Thumb Code   278  stm32f10x_gpio.o(i.GPIO_Init)
    GPIO_PinRemapConfig                      0x0800111d   Thumb Code   138  stm32f10x_gpio.o(i.GPIO_PinRemapConfig)
    GPIO_ResetBits                           0x080011ad   Thumb Code     4  stm32f10x_gpio.o(i.GPIO_ResetBits)
    GPIO_SetBits                             0x080011b1   Thumb Code     4  stm32f10x_gpio.o(i.GPIO_SetBits)
    MQTT_CONNECT                             0x080011b5   Thumb Code   364  main.o(i.MQTT_CONNECT)
    MQTT_IntPub                              0x080013f5   Thumb Code    50  mqtt.o(i.MQTT_IntPub)
    MQTT_PUB                                 0x08001427   Thumb Code    76  mqtt.o(i.MQTT_PUB)
    MQTT_PUB_float                           0x08001475   Thumb Code   134  mqtt.o(i.MQTT_PUB_float)
    MQTT_PUB_minus                           0x08001501   Thumb Code    82  mqtt.o(i.MQTT_PUB_minus)
    MQTT_SUB                                 0x08001553   Thumb Code    72  mqtt.o(i.MQTT_SUB)
    MQTT_fun                                 0x0800159d   Thumb Code   886  main.o(i.MQTT_fun)
    NVIC_Init                                0x08001ac5   Thumb Code   100  misc.o(i.NVIC_Init)
    PWR_EnterSTOPMode                        0x08001b35   Thumb Code    54  stm32f10x_pwr.o(i.PWR_EnterSTOPMode)
    Prepar_to_sleep                          0x08001b75   Thumb Code   154  init_function.o(i.Prepar_to_sleep)
    RCC_ADCCLKConfig                         0x08001c15   Thumb Code    18  stm32f10x_rcc.o(i.RCC_ADCCLKConfig)
    RCC_APB1PeriphClockCmd                   0x08001c2d   Thumb Code    26  stm32f10x_rcc.o(i.RCC_APB1PeriphClockCmd)
    RCC_APB1PeriphResetCmd                   0x08001c4d   Thumb Code    26  stm32f10x_rcc.o(i.RCC_APB1PeriphResetCmd)
    RCC_APB2PeriphClockCmd                   0x08001c6d   Thumb Code    26  stm32f10x_rcc.o(i.RCC_APB2PeriphClockCmd)
    RCC_Config                               0x08001c8d   Thumb Code   198  init_function.o(i.RCC_Config)
    RCC_DeInit                               0x08001d61   Thumb Code    64  stm32f10x_rcc.o(i.RCC_DeInit)
    RCC_GetClocksFreq                        0x08001dad   Thumb Code   192  stm32f10x_rcc.o(i.RCC_GetClocksFreq)
    RCC_GetFlagStatus                        0x08001e81   Thumb Code    56  stm32f10x_rcc.o(i.RCC_GetFlagStatus)
    RCC_GetSYSCLKSource                      0x08001ebd   Thumb Code    10  stm32f10x_rcc.o(i.RCC_GetSYSCLKSource)
    RCC_HCLKConfig                           0x08001ecd   Thumb Code    18  stm32f10x_rcc.o(i.RCC_HCLKConfig)
    RCC_HSEConfig                            0x08001ee5   Thumb Code    70  stm32f10x_rcc.o(i.RCC_HSEConfig)
    RCC_PCLK1Config                          0x08001f31   Thumb Code    18  stm32f10x_rcc.o(i.RCC_PCLK1Config)
    RCC_PCLK2Config                          0x08001f49   Thumb Code    20  stm32f10x_rcc.o(i.RCC_PCLK2Config)
    RCC_PLLCmd                               0x08001f61   Thumb Code     6  stm32f10x_rcc.o(i.RCC_PLLCmd)
    RCC_PLLConfig                            0x08001f6d   Thumb Code    24  stm32f10x_rcc.o(i.RCC_PLLConfig)
    RCC_SYSCLKConfig                         0x08001f89   Thumb Code    18  stm32f10x_rcc.o(i.RCC_SYSCLKConfig)
    RCC_WaitForHSEStartUp                    0x08001fa1   Thumb Code    56  stm32f10x_rcc.o(i.RCC_WaitForHSEStartUp)
    Send_SMS                                 0x08001fd9   Thumb Code   652  main.o(i.Send_SMS)
    SystemInit                               0x08002455   Thumb Code    78  system_stm32f10x.o(i.SystemInit)
    TIM4_IRQHandler                          0x080024b5   Thumb Code    76  main.o(i.TIM4_IRQHandler)
    TIM4_init                                0x0800251d   Thumb Code   102  init_function.o(i.TIM4_init)
    TIM_ClearITPendingBit                    0x08002589   Thumb Code     6  stm32f10x_tim.o(i.TIM_ClearITPendingBit)
    TIM_Cmd                                  0x0800258f   Thumb Code    24  stm32f10x_tim.o(i.TIM_Cmd)
    TIM_GetITStatus                          0x080025a7   Thumb Code    34  stm32f10x_tim.o(i.TIM_GetITStatus)
    TIM_ITConfig                             0x080025c9   Thumb Code    18  stm32f10x_tim.o(i.TIM_ITConfig)
    TIM_TimeBaseInit                         0x080025dd   Thumb Code   122  stm32f10x_tim.o(i.TIM_TimeBaseInit)
    TIM_TimeBaseStructInit                   0x08002681   Thumb Code    18  stm32f10x_tim.o(i.TIM_TimeBaseStructInit)
    USART1_IRQHandler                        0x08002695   Thumb Code   128  main.o(i.USART1_IRQHandler)
    USART3_IRQHandler                        0x08002729   Thumb Code     6  main.o(i.USART3_IRQHandler)
    USARTSend                                0x08002735   Thumb Code    38  init_function.o(i.USARTSend)
    USARTSend_char                           0x08002761   Thumb Code    28  init_function.o(i.USARTSend_char)
    USART_Cmd                                0x08002781   Thumb Code    24  stm32f10x_usart.o(i.USART_Cmd)
    USART_GetFlagStatus                      0x08002799   Thumb Code    26  stm32f10x_usart.o(i.USART_GetFlagStatus)
    USART_ITConfig                           0x080027b3   Thumb Code    74  stm32f10x_usart.o(i.USART_ITConfig)
    USART_Init                               0x080027fd   Thumb Code   210  stm32f10x_usart.o(i.USART_Init)
    USART_ReceiveData                        0x080028d5   Thumb Code    10  stm32f10x_usart.o(i.USART_ReceiveData)
    USART_SendData                           0x080028df   Thumb Code     8  stm32f10x_usart.o(i.USART_SendData)
    USB_LP_CAN1_RX0_IRQHandler               0x080028e9   Thumb Code   890  main.o(i.USB_LP_CAN1_RX0_IRQHandler)
    clear_RXBuffer                           0x08002c9d   Thumb Code    44  main.o(i.clear_RXBuffer)
    enter_to_stop_mode                       0x08002cd1   Thumb Code   132  main.o(i.enter_to_stop_mode)
    init_CAN                                 0x08002d6d   Thumb Code   326  init_function.o(i.init_CAN)
    main                                     0x08002ebd   Thumb Code  1546  main.o(i.main)
    usart_init                               0x080034c9   Thumb Code   154  init_function.o(i.usart_init)
    utoa_builtin_div                         0x0800356d   Thumb Code    46  init_function.o(i.utoa_builtin_div)
    __aeabi_fdiv                             0x0800359d   Thumb Code     0  fdiv.o(x$fpl$fdiv)
    _fdiv                                    0x0800359d   Thumb Code   384  fdiv.o(x$fpl$fdiv)
    __aeabi_f2uiz                            0x08003721   Thumb Code     0  ffixu.o(x$fpl$ffixu)
    _ffixu                                   0x08003721   Thumb Code    62  ffixu.o(x$fpl$ffixu)
    __aeabi_ui2f                             0x08003761   Thumb Code     0  fflt_clz.o(x$fpl$ffltu)
    _ffltu                                   0x08003761   Thumb Code    38  fflt_clz.o(x$fpl$ffltu)
    __fpl_fnaninf                            0x08003787   Thumb Code   140  fnaninf.o(x$fpl$fnaninf)
    __fpl_fretinf                            0x08003813   Thumb Code    10  fretinf.o(x$fpl$fretinf)
    Region$$Table$$Base                      0x0800381c   Number         0  anon$$obj.o(Region$$Table)
    __I$use$fp                               0x0800381c   Number         0  usenofp.o(x$fpl$usenofp)
    Region$$Table$$Limit                     0x0800383c   Number         0  anon$$obj.o(Region$$Table)
    RX_FLAG_END_LINE                         0x20000000   Data           1  main.o(.data)
    RX_FLAG_MQTT                             0x20000001   Data           1  main.o(.data)
    RX_FLAG_MQTT2                            0x20000002   Data           1  main.o(.data)
    MQTT_commandi                            0x20000003   Data           1  main.o(.data)
    MQTT_command_END                         0x20000004   Data           1  main.o(.data)
    RXi                                      0x20000005   Data           1  main.o(.data)
    RXc                                      0x20000006   Data           1  main.o(.data)
    phone                                    0x20000007   Data          13  main.o(.data)
    phone2                                   0x20000014   Data          13  main.o(.data)
    command1                                 0x20000021   Data           7  main.o(.data)
    command2                                 0x20000028   Data           7  main.o(.data)
    APN                                      0x2000002f   Data          16  main.o(.data)
    broker                                   0x2000003f   Data           1  main.o(.data)
    MQTT_user                                0x20000040   Data          10  main.o(.data)
    MQTT_pass                                0x2000004a   Data          15  main.o(.data)
    MQTT_type                                0x20000059   Data          15  main.o(.data)
    MQTT_CID                                 0x20000068   Data          15  main.o(.data)
    MQTT_SERVER                              0x20000077   Data          21  main.o(.data)
    PORT                                     0x2000008c   Data           6  main.o(.data)
    Vstart                                   0x20000092   Data           1  main.o(.data)
    number_message                           0x20000093   Data           1  main.o(.data)
    OutSideTemp                              0x20000094   Data           1  main.o(.data)
    EngineTemp                               0x20000095   Data           1  main.o(.data)
    Vbat                                     0x20000096   Data           1  main.o(.data)
    Vmin                                     0x20000097   Data           1  main.o(.data)
    xADC                                     0x20000098   Data           4  main.o(.data)
    SMS_read                                 0x2000009c   Data           1  main.o(.data)
    Time1                                    0x200000a0   Data           4  main.o(.data)
    Time2                                    0x200000a4   Data           4  main.o(.data)
    Timer                                    0x200000a8   Data           4  main.o(.data)
    inDS                                     0x200000ac   Data           4  main.o(.data)
    count                                    0x200000b0   Data           4  main.o(.data)
    error_CF                                 0x200000b4   Data           4  main.o(.data)
    error_C                                  0x200000b8   Data           4  main.o(.data)
    interval                                 0x200000bc   Data           1  main.o(.data)
    heating                                  0x200000bd   Data           1  main.o(.data)
    ring                                     0x200000be   Data           1  main.o(.data)
    sms_report                               0x200000bf   Data           1  main.o(.data)
    status                                   0x200000c0   Data           1  main.o(.data)
    Counter_CAN                              0x200000c1   Data           1  main.o(.data)
    test                                     0x200000c2   Data           1  main.o(.data)
    sleep_timer                              0x200000c3   Data           1  main.o(.data)
    allow_sleep                              0x200000c4   Data           1  main.o(.data)
    hand_brake                               0x200000c5   Data           1  main.o(.data)
    brake                                    0x200000c6   Data           1  main.o(.data)
    light                                    0x200000c7   Data           1  main.o(.data)
    open                                     0x200000c8   Data           1  main.o(.data)
    connect_flag                             0x200000c9   Data           1  main.o(.data)
    virtual_neutral                          0x200000ca   Data           1  main.o(.data)
    speed                                    0x200000cc   Data           2  main.o(.data)
    rpm                                      0x200000ce   Data           2  main.o(.data)
    engine_state                             0x200000d0   Data           1  main.o(.data)
    keyi                                     0x200000d1   Data           1  main.o(.data)
    MQTT_command                             0x200000e8   Data          20  main.o(.bss)
    RX_BUF                                   0x200000fc   Data          80  main.o(.bss)
    buffer                                   0x2000014c   Data          80  main.o(.bss)
    buf                                      0x2000019c   Data          12  main.o(.bss)
    key                                      0x200001a8   Data          10  main.o(.bss)
    __libspace_start                         0x200001b4   Data          96  libspace.o(.bss)
    __temporary_stack_top$libspace           0x20000214   Data           0  libspace.o(.bss)



==============================================================================

Memory Map of the image

  Image Entry point : 0x080000ed

  Load Region LR_IROM1 (Base: 0x08000000, Size: 0x00003924, Max: 0x00010000, ABSOLUTE)

    Execution Region ER_IROM1 (Exec base: 0x08000000, Load base: 0x08000000, Size: 0x0000383c, Max: 0x00010000, ABSOLUTE)

    Exec Addr    Load Addr    Size         Type   Attr      Idx    E Section Name        Object

    0x08000000   0x08000000   0x000000ec   Data   RO         2007    RESET               startup_stm32f10x_md.o
    0x080000ec   0x080000ec   0x00000008   Code   RO         2068  * !!!main             c_w.l(__main.o)
    0x080000f4   0x080000f4   0x00000034   Code   RO         2244    !!!scatter          c_w.l(__scatter.o)
    0x08000128   0x08000128   0x0000001a   Code   RO         2246    !!handler_copy      c_w.l(__scatter_copy.o)
    0x08000142   0x08000142   0x00000002   PAD
    0x08000144   0x08000144   0x0000001c   Code   RO         2248    !!handler_zi        c_w.l(__scatter_zi.o)
    0x08000160   0x08000160   0x00000002   Code   RO         2114    .ARM.Collect$$libinit$$00000000  c_w.l(libinit.o)
    0x08000162   0x08000162   0x00000000   Code   RO         2121    .ARM.Collect$$libinit$$00000002  c_w.l(libinit2.o)
    0x08000162   0x08000162   0x00000000   Code   RO         2123    .ARM.Collect$$libinit$$00000004  c_w.l(libinit2.o)
    0x08000162   0x08000162   0x00000000   Code   RO         2126    .ARM.Collect$$libinit$$0000000A  c_w.l(libinit2.o)
    0x08000162   0x08000162   0x00000000   Code   RO         2128    .ARM.Collect$$libinit$$0000000C  c_w.l(libinit2.o)
    0x08000162   0x08000162   0x00000000   Code   RO         2130    .ARM.Collect$$libinit$$0000000E  c_w.l(libinit2.o)
    0x08000162   0x08000162   0x00000000   Code   RO         2133    .ARM.Collect$$libinit$$00000011  c_w.l(libinit2.o)
    0x08000162   0x08000162   0x00000000   Code   RO         2135    .ARM.Collect$$libinit$$00000013  c_w.l(libinit2.o)
    0x08000162   0x08000162   0x00000000   Code   RO         2137    .ARM.Collect$$libinit$$00000015  c_w.l(libinit2.o)
    0x08000162   0x08000162   0x00000000   Code   RO         2139    .ARM.Collect$$libinit$$00000017  c_w.l(libinit2.o)
    0x08000162   0x08000162   0x00000000   Code   RO         2141    .ARM.Collect$$libinit$$00000019  c_w.l(libinit2.o)
    0x08000162   0x08000162   0x00000000   Code   RO         2143    .ARM.Collect$$libinit$$0000001B  c_w.l(libinit2.o)
    0x08000162   0x08000162   0x00000000   Code   RO         2145    .ARM.Collect$$libinit$$0000001D  c_w.l(libinit2.o)
    0x08000162   0x08000162   0x00000000   Code   RO         2147    .ARM.Collect$$libinit$$0000001F  c_w.l(libinit2.o)
    0x08000162   0x08000162   0x00000000   Code   RO         2149    .ARM.Collect$$libinit$$00000021  c_w.l(libinit2.o)
    0x08000162   0x08000162   0x00000000   Code   RO         2151    .ARM.Collect$$libinit$$00000023  c_w.l(libinit2.o)
    0x08000162   0x08000162   0x00000000   Code   RO         2153    .ARM.Collect$$libinit$$00000025  c_w.l(libinit2.o)
    0x08000162   0x08000162   0x00000000   Code   RO         2157    .ARM.Collect$$libinit$$0000002C  c_w.l(libinit2.o)
    0x08000162   0x08000162   0x00000000   Code   RO         2159    .ARM.Collect$$libinit$$0000002E  c_w.l(libinit2.o)
    0x08000162   0x08000162   0x00000000   Code   RO         2161    .ARM.Collect$$libinit$$00000030  c_w.l(libinit2.o)
    0x08000162   0x08000162   0x00000000   Code   RO         2163    .ARM.Collect$$libinit$$00000032  c_w.l(libinit2.o)
    0x08000162   0x08000162   0x00000002   Code   RO         2164    .ARM.Collect$$libinit$$00000033  c_w.l(libinit2.o)
    0x08000164   0x08000164   0x00000002   Code   RO         2184    .ARM.Collect$$libshutdown$$00000000  c_w.l(libshutdown.o)
    0x08000166   0x08000166   0x00000000   Code   RO         2197    .ARM.Collect$$libshutdown$$00000002  c_w.l(libshutdown2.o)
    0x08000166   0x08000166   0x00000000   Code   RO         2199    .ARM.Collect$$libshutdown$$00000004  c_w.l(libshutdown2.o)
    0x08000166   0x08000166   0x00000000   Code   RO         2202    .ARM.Collect$$libshutdown$$00000007  c_w.l(libshutdown2.o)
    0x08000166   0x08000166   0x00000000   Code   RO         2205    .ARM.Collect$$libshutdown$$0000000A  c_w.l(libshutdown2.o)
    0x08000166   0x08000166   0x00000000   Code   RO         2207    .ARM.Collect$$libshutdown$$0000000C  c_w.l(libshutdown2.o)
    0x08000166   0x08000166   0x00000000   Code   RO         2210    .ARM.Collect$$libshutdown$$0000000F  c_w.l(libshutdown2.o)
    0x08000166   0x08000166   0x00000002   Code   RO         2211    .ARM.Collect$$libshutdown$$00000010  c_w.l(libshutdown2.o)
    0x08000168   0x08000168   0x00000000   Code   RO         2084    .ARM.Collect$$rtentry$$00000000  c_w.l(__rtentry.o)
    0x08000168   0x08000168   0x00000000   Code   RO         2091    .ARM.Collect$$rtentry$$00000002  c_w.l(__rtentry2.o)
    0x08000168   0x08000168   0x00000006   Code   RO         2103    .ARM.Collect$$rtentry$$00000004  c_w.l(__rtentry4.o)
    0x0800016e   0x0800016e   0x00000000   Code   RO         2093    .ARM.Collect$$rtentry$$00000009  c_w.l(__rtentry2.o)
    0x0800016e   0x0800016e   0x00000004   Code   RO         2094    .ARM.Collect$$rtentry$$0000000A  c_w.l(__rtentry2.o)
    0x08000172   0x08000172   0x00000000   Code   RO         2096    .ARM.Collect$$rtentry$$0000000C  c_w.l(__rtentry2.o)
    0x08000172   0x08000172   0x00000008   Code   RO         2097    .ARM.Collect$$rtentry$$0000000D  c_w.l(__rtentry2.o)
    0x0800017a   0x0800017a   0x00000002   Code   RO         2118    .ARM.Collect$$rtexit$$00000000  c_w.l(rtexit.o)
    0x0800017c   0x0800017c   0x00000000   Code   RO         2166    .ARM.Collect$$rtexit$$00000002  c_w.l(rtexit2.o)
    0x0800017c   0x0800017c   0x00000004   Code   RO         2167    .ARM.Collect$$rtexit$$00000003  c_w.l(rtexit2.o)
    0x08000180   0x08000180   0x00000006   Code   RO         2168    .ARM.Collect$$rtexit$$00000004  c_w.l(rtexit2.o)
    0x08000186   0x08000186   0x00000002   PAD
    0x08000188   0x08000188   0x00000040   Code   RO         2008    .text               startup_stm32f10x_md.o
    0x080001c8   0x080001c8   0x00000024   Code   RO         2060    .text               c_w.l(strstr.o)
    0x080001ec   0x080001ec   0x00000016   Code   RO         2062    .text               c_w.l(strrchr.o)
    0x08000202   0x08000202   0x0000003e   Code   RO         2064    .text               c_w.l(strlen.o)
    0x08000240   0x08000240   0x00000006   Code   RO         2066    .text               c_w.l(heapauxi.o)
    0x08000246   0x08000246   0x0000004a   Code   RO         2105    .text               c_w.l(sys_stackheap_outer.o)
    0x08000290   0x08000290   0x00000012   Code   RO         2107    .text               c_w.l(exit.o)
    0x080002a2   0x080002a2   0x00000002   PAD
    0x080002a4   0x080002a4   0x00000008   Code   RO         2115    .text               c_w.l(libspace.o)
    0x080002ac   0x080002ac   0x0000000c   Code   RO         2176    .text               c_w.l(sys_exit.o)
    0x080002b8   0x080002b8   0x00000002   Code   RO         2187    .text               c_w.l(use_no_semi.o)
    0x080002ba   0x080002ba   0x00000000   Code   RO         2189    .text               c_w.l(indicate_semi.o)
    0x080002ba   0x080002ba   0x00000002   PAD
    0x080002bc   0x080002bc   0x00000048   Code   RO          174    i.ADC1_2_IRQHandler  main.o
    0x08000304   0x08000304   0x0000000a   Code   RO          384    i.ADC_ClearITPendingBit  stm32f10x_adc.o
    0x0800030e   0x0800030e   0x00000016   Code   RO          385    i.ADC_Cmd           stm32f10x_adc.o
    0x08000324   0x08000324   0x00000014   Code   RO          393    i.ADC_GetCalibrationStatus  stm32f10x_adc.o
    0x08000338   0x08000338   0x00000008   Code   RO          394    i.ADC_GetConversionValue  stm32f10x_adc.o
    0x08000340   0x08000340   0x00000024   Code   RO          397    i.ADC_GetITStatus   stm32f10x_adc.o
    0x08000364   0x08000364   0x00000014   Code   RO          399    i.ADC_GetResetCalibrationStatus  stm32f10x_adc.o
    0x08000378   0x08000378   0x00000018   Code   RO          402    i.ADC_ITConfig      stm32f10x_adc.o
    0x08000390   0x08000390   0x00000050   Code   RO          403    i.ADC_Init          stm32f10x_adc.o
    0x080003e0   0x080003e0   0x000000b8   Code   RO          407    i.ADC_RegularChannelConfig  stm32f10x_adc.o
    0x08000498   0x08000498   0x0000000a   Code   RO          408    i.ADC_ResetCalibration  stm32f10x_adc.o
    0x080004a2   0x080004a2   0x00000016   Code   RO          410    i.ADC_SoftwareStartConvCmd  stm32f10x_adc.o
    0x080004b8   0x080004b8   0x0000000a   Code   RO          412    i.ADC_StartCalibration  stm32f10x_adc.o
    0x080004c2   0x080004c2   0x00000002   PAD
    0x080004c4   0x080004c4   0x000000ac   Code   RO            4    i.ADC_init          init_function.o
    0x08000570   0x08000570   0x000000a8   Code   RO          615    i.CAN_ClearITPendingBit  stm32f10x_can.o
    0x08000618   0x08000618   0x00000038   Code   RO          617    i.CAN_DeInit        stm32f10x_can.o
    0x08000650   0x08000650   0x00000108   Code   RO          619    i.CAN_FilterInit    stm32f10x_can.o
    0x08000758   0x08000758   0x00000120   Code   RO          621    i.CAN_GetITStatus   stm32f10x_can.o
    0x08000878   0x08000878   0x00000012   Code   RO          625    i.CAN_ITConfig      stm32f10x_can.o
    0x0800088a   0x0800088a   0x00000114   Code   RO          626    i.CAN_Init          stm32f10x_can.o
    0x0800099e   0x0800099e   0x000000f0   Code   RO          629    i.CAN_Receive       stm32f10x_can.o
    0x08000a8e   0x08000a8e   0x00000002   PAD
    0x08000a90   0x08000a90   0x00000060   Code   RO            5    i.CAN_Send          init_function.o
    0x08000af0   0x08000af0   0x00000020   Code   RO          632    i.CAN_StructInit    stm32f10x_can.o
    0x08000b10   0x08000b10   0x00000126   Code   RO          634    i.CAN_Transmit      stm32f10x_can.o
    0x08000c36   0x08000c36   0x00000012   Code   RO          637    i.CheckITStatus     stm32f10x_can.o
    0x08000c48   0x08000c48   0x0000002c   Code   RO            6    i.Delay_ms          init_function.o
    0x08000c74   0x08000c74   0x0000000c   Code   RO          780    i.EXTI_ClearFlag    stm32f10x_exti.o
    0x08000c80   0x08000c80   0x00000024   Code   RO          782    i.EXTI_DeInit       stm32f10x_exti.o
    0x08000ca4   0x08000ca4   0x00000094   Code   RO          786    i.EXTI_Init         stm32f10x_exti.o
    0x08000d38   0x08000d38   0x0000023c   Code   RO          175    i.Engine_start      main.o
    0x08000f74   0x08000f74   0x00000050   Code   RO          176    i.Engine_stop       main.o
    0x08000fc4   0x08000fc4   0x00000040   Code   RO          849    i.GPIO_EXTILineConfig  stm32f10x_gpio.o
    0x08001004   0x08001004   0x00000116   Code   RO          852    i.GPIO_Init         stm32f10x_gpio.o
    0x0800111a   0x0800111a   0x00000002   PAD
    0x0800111c   0x0800111c   0x00000090   Code   RO          854    i.GPIO_PinRemapConfig  stm32f10x_gpio.o
    0x080011ac   0x080011ac   0x00000004   Code   RO          859    i.GPIO_ResetBits    stm32f10x_gpio.o
    0x080011b0   0x080011b0   0x00000004   Code   RO          860    i.GPIO_SetBits      stm32f10x_gpio.o
    0x080011b4   0x080011b4   0x00000240   Code   RO          177    i.MQTT_CONNECT      main.o
    0x080013f4   0x080013f4   0x00000032   Code   RO          283    i.MQTT_IntPub       mqtt.o
    0x08001426   0x08001426   0x0000004c   Code   RO          284    i.MQTT_PUB          mqtt.o
    0x08001472   0x08001472   0x00000002   PAD
    0x08001474   0x08001474   0x0000008c   Code   RO          285    i.MQTT_PUB_float    mqtt.o
    0x08001500   0x08001500   0x00000052   Code   RO          286    i.MQTT_PUB_minus    mqtt.o
    0x08001552   0x08001552   0x00000048   Code   RO          287    i.MQTT_SUB          mqtt.o
    0x0800159a   0x0800159a   0x00000002   PAD
    0x0800159c   0x0800159c   0x00000528   Code   RO          178    i.MQTT_fun          main.o
    0x08001ac4   0x08001ac4   0x00000070   Code   RO          331    i.NVIC_Init         misc.o
    0x08001b34   0x08001b34   0x00000040   Code   RO          976    i.PWR_EnterSTOPMode  stm32f10x_pwr.o
    0x08001b74   0x08001b74   0x000000a0   Code   RO            7    i.Prepar_to_sleep   init_function.o
    0x08001c14   0x08001c14   0x00000018   Code   RO         1044    i.RCC_ADCCLKConfig  stm32f10x_rcc.o
    0x08001c2c   0x08001c2c   0x00000020   Code   RO         1046    i.RCC_APB1PeriphClockCmd  stm32f10x_rcc.o
    0x08001c4c   0x08001c4c   0x00000020   Code   RO         1047    i.RCC_APB1PeriphResetCmd  stm32f10x_rcc.o
    0x08001c6c   0x08001c6c   0x00000020   Code   RO         1048    i.RCC_APB2PeriphClockCmd  stm32f10x_rcc.o
    0x08001c8c   0x08001c8c   0x000000d4   Code   RO            8    i.RCC_Config        init_function.o
    0x08001d60   0x08001d60   0x0000004c   Code   RO         1055    i.RCC_DeInit        stm32f10x_rcc.o
    0x08001dac   0x08001dac   0x000000d4   Code   RO         1056    i.RCC_GetClocksFreq  stm32f10x_rcc.o
    0x08001e80   0x08001e80   0x0000003c   Code   RO         1057    i.RCC_GetFlagStatus  stm32f10x_rcc.o
    0x08001ebc   0x08001ebc   0x00000010   Code   RO         1059    i.RCC_GetSYSCLKSource  stm32f10x_rcc.o
    0x08001ecc   0x08001ecc   0x00000018   Code   RO         1060    i.RCC_HCLKConfig    stm32f10x_rcc.o
    0x08001ee4   0x08001ee4   0x0000004c   Code   RO         1061    i.RCC_HSEConfig     stm32f10x_rcc.o
    0x08001f30   0x08001f30   0x00000018   Code   RO         1067    i.RCC_PCLK1Config   stm32f10x_rcc.o
    0x08001f48   0x08001f48   0x00000018   Code   RO         1068    i.RCC_PCLK2Config   stm32f10x_rcc.o
    0x08001f60   0x08001f60   0x0000000c   Code   RO         1069    i.RCC_PLLCmd        stm32f10x_rcc.o
    0x08001f6c   0x08001f6c   0x0000001c   Code   RO         1070    i.RCC_PLLConfig     stm32f10x_rcc.o
    0x08001f88   0x08001f88   0x00000018   Code   RO         1073    i.RCC_SYSCLKConfig  stm32f10x_rcc.o
    0x08001fa0   0x08001fa0   0x00000038   Code   RO         1075    i.RCC_WaitForHSEStartUp  stm32f10x_rcc.o
    0x08001fd8   0x08001fd8   0x00000394   Code   RO          179    i.Send_SMS          main.o
    0x0800236c   0x0800236c   0x00000008   Code   RO         2015    i.SetSysClock       system_stm32f10x.o
    0x08002374   0x08002374   0x000000e0   Code   RO         2016    i.SetSysClockTo72   system_stm32f10x.o
    0x08002454   0x08002454   0x00000060   Code   RO         2018    i.SystemInit        system_stm32f10x.o
    0x080024b4   0x080024b4   0x00000068   Code   RO          180    i.TIM4_IRQHandler   main.o
    0x0800251c   0x0800251c   0x0000006c   Code   RO            9    i.TIM4_init         init_function.o
    0x08002588   0x08002588   0x00000006   Code   RO         1267    i.TIM_ClearITPendingBit  stm32f10x_tim.o
    0x0800258e   0x0800258e   0x00000018   Code   RO         1272    i.TIM_Cmd           stm32f10x_tim.o
    0x080025a6   0x080025a6   0x00000022   Code   RO         1293    i.TIM_GetITStatus   stm32f10x_tim.o
    0x080025c8   0x080025c8   0x00000012   Code   RO         1297    i.TIM_ITConfig      stm32f10x_tim.o
    0x080025da   0x080025da   0x00000002   PAD
    0x080025dc   0x080025dc   0x000000a4   Code   RO         1343    i.TIM_TimeBaseInit  stm32f10x_tim.o
    0x08002680   0x08002680   0x00000012   Code   RO         1344    i.TIM_TimeBaseStructInit  stm32f10x_tim.o
    0x08002692   0x08002692   0x00000002   PAD
    0x08002694   0x08002694   0x00000094   Code   RO          181    i.USART1_IRQHandler  main.o
    0x08002728   0x08002728   0x0000000c   Code   RO          182    i.USART3_IRQHandler  main.o
    0x08002734   0x08002734   0x0000002c   Code   RO           10    i.USARTSend         init_function.o
    0x08002760   0x08002760   0x00000020   Code   RO           12    i.USARTSend_char    init_function.o
    0x08002780   0x08002780   0x00000018   Code   RO         1820    i.USART_Cmd         stm32f10x_usart.o
    0x08002798   0x08002798   0x0000001a   Code   RO         1823    i.USART_GetFlagStatus  stm32f10x_usart.o
    0x080027b2   0x080027b2   0x0000004a   Code   RO         1826    i.USART_ITConfig    stm32f10x_usart.o
    0x080027fc   0x080027fc   0x000000d8   Code   RO         1827    i.USART_Init        stm32f10x_usart.o
    0x080028d4   0x080028d4   0x0000000a   Code   RO         1834    i.USART_ReceiveData  stm32f10x_usart.o
    0x080028de   0x080028de   0x00000008   Code   RO         1837    i.USART_SendData    stm32f10x_usart.o
    0x080028e6   0x080028e6   0x00000002   PAD
    0x080028e8   0x080028e8   0x000003b4   Code   RO          183    i.USB_LP_CAN1_RX0_IRQHandler  main.o
    0x08002c9c   0x08002c9c   0x00000034   Code   RO          184    i.clear_RXBuffer    main.o
    0x08002cd0   0x08002cd0   0x0000009c   Code   RO          185    i.enter_to_stop_mode  main.o
    0x08002d6c   0x08002d6c   0x00000150   Code   RO           15    i.init_CAN          init_function.o
    0x08002ebc   0x08002ebc   0x0000060a   Code   RO          186    i.main              main.o
    0x080034c6   0x080034c6   0x00000002   PAD
    0x080034c8   0x080034c8   0x000000a4   Code   RO           17    i.usart_init        init_function.o
    0x0800356c   0x0800356c   0x0000002e   Code   RO           18    i.utoa_builtin_div  init_function.o
    0x0800359a   0x0800359a   0x00000002   PAD
    0x0800359c   0x0800359c   0x00000184   Code   RO         2071    x$fpl$fdiv          fz_ws.l(fdiv.o)
    0x08003720   0x08003720   0x0000003e   Code   RO         2074    x$fpl$ffixu         fz_ws.l(ffixu.o)
    0x0800375e   0x0800375e   0x00000002   PAD
    0x08003760   0x08003760   0x00000026   Code   RO         2078    x$fpl$ffltu         fz_ws.l(fflt_clz.o)
    0x08003786   0x08003786   0x0000008c   Code   RO         2085    x$fpl$fnaninf       fz_ws.l(fnaninf.o)
    0x08003812   0x08003812   0x0000000a   Code   RO         2087    x$fpl$fretinf       fz_ws.l(fretinf.o)
    0x0800381c   0x0800381c   0x00000000   Code   RO         2089    x$fpl$usenofp       fz_ws.l(usenofp.o)
    0x0800381c   0x0800381c   0x00000020   Data   RO         2242    Region$$Table       anon$$obj.o


    Execution Region RW_IRAM1 (Exec base: 0x20000000, Load base: 0x0800383c, Size: 0x00000818, Max: 0x00005000, ABSOLUTE)

    Exec Addr    Load Addr    Size         Type   Attr      Idx    E Section Name        Object

    0x20000000   0x0800383c   0x000000d2   Data   RW          188    .data               main.o
    0x200000d2   0x0800390e   0x00000014   Data   RW         1076    .data               stm32f10x_rcc.o
    0x200000e6   0x08003922   0x00000002   PAD
    0x200000e8        -       0x000000ca   Zero   RW          187    .bss                main.o
    0x200001b2   0x08003922   0x00000002   PAD
    0x200001b4        -       0x00000060   Zero   RW         2116    .bss                c_w.l(libspace.o)
    0x20000214   0x08003922   0x00000004   PAD
    0x20000218        -       0x00000200   Zero   RW         2006    HEAP                startup_stm32f10x_md.o
    0x20000418        -       0x00000400   Zero   RW         2005    STACK               startup_stm32f10x_md.o


==============================================================================

Image component sizes


      Code (inc. data)   RO Data    RW Data    ZI Data      Debug   Object Name

      1414         72          0          0          0     278884   init_function.o
      6502       1632          0        210        202      11573   main.o
       112         12          0          0          0       1140   misc.o
       420          6          0          0          0       2662   mqtt.o
        64         26        236          0       1536        788   startup_stm32f10x_md.o
       446         10          0          0          0       9810   stm32f10x_adc.o
      1654         22          0          0          0       7868   stm32f10x_can.o
       196         20          0          0          0       2143   stm32f10x_exti.o
       494         10          0          0          0       4740   stm32f10x_gpio.o
        64         10          0          0          0        676   stm32f10x_pwr.o
       752        104          0         20          0      12266   stm32f10x_rcc.o
       264         42          0          0          0       4387   stm32f10x_tim.o
       358          6          0          0          0       5693   stm32f10x_usart.o
       328         28          0          0          0       1909   system_stm32f10x.o

    ----------------------------------------------------------------------
     13088       2000        268        232       1740     344539   Object Totals
         0          0         32          0          0          0   (incl. Generated)
        20          0          0          2          2          0   (incl. Padding)

    ----------------------------------------------------------------------

      Code (inc. data)   RO Data    RW Data    ZI Data      Debug   Library Member Name

         8          0          0          0          0         68   __main.o
         0          0          0          0          0          0   __rtentry.o
        12          0          0          0          0          0   __rtentry2.o
         6          0          0          0          0          0   __rtentry4.o
        52          8          0          0          0          0   __scatter.o
        26          0          0          0          0          0   __scatter_copy.o
        28          0          0          0          0          0   __scatter_zi.o
        18          0          0          0          0         80   exit.o
         6          0          0          0          0        152   heapauxi.o
         0          0          0          0          0          0   indicate_semi.o
         2          0          0          0          0          0   libinit.o
         2          0          0          0          0          0   libinit2.o
         2          0          0          0          0          0   libshutdown.o
         2          0          0          0          0          0   libshutdown2.o
         8          4          0          0         96         68   libspace.o
         2          0          0          0          0          0   rtexit.o
        10          0          0          0          0          0   rtexit2.o
        62          0          0          0          0         76   strlen.o
        22          0          0          0          0         68   strrchr.o
        36          0          0          0          0         80   strstr.o
        12          4          0          0          0         68   sys_exit.o
        74          0          0          0          0         80   sys_stackheap_outer.o
         2          0          0          0          0         68   use_no_semi.o
       388         76          0          0          0         96   fdiv.o
        62          4          0          0          0         84   ffixu.o
        38          0          0          0          0         68   fflt_clz.o
       140          4          0          0          0         84   fnaninf.o
        10          0          0          0          0         68   fretinf.o
         0          0          0          0          0          0   usenofp.o

    ----------------------------------------------------------------------
      1040        100          0          0        100       1208   Library Totals
        10          0          0          0          4          0   (incl. Padding)

    ----------------------------------------------------------------------

      Code (inc. data)   RO Data    RW Data    ZI Data      Debug   Library Name

       392         16          0          0         96        808   c_w.l
       638         84          0          0          0        400   fz_ws.l

    ----------------------------------------------------------------------
      1040        100          0          0        100       1208   Library Totals

    ----------------------------------------------------------------------

==============================================================================


      Code (inc. data)   RO Data    RW Data    ZI Data      Debug   

     14128       2100        268        232       1840     340595   Grand Totals
     14128       2100        268        232       1840     340595   ELF Image Totals
     14128       2100        268        232          0          0   ROM Totals

==============================================================================

    Total RO  Size (Code + RO Data)                14396 (  14.06kB)
    Total RW  Size (RW Data + ZI Data)              2072 (   2.02kB)
    Total ROM Size (Code + RO Data + RW Data)      14628 (  14.29kB)

==============================================================================

